Component: ARM Compiler 5.05 update 1 (build 106) Tool: armlink [4d0efa]

==============================================================================

Section Cross References

    11_1.o(i.delay_ms) refers to 11_1.o(.data) for crystal
    11_1.o(i.delay_s) refers to 11_1.o(.data) for crystal
    11_1.o(i.delay_us) refers to 11_1.o(.data) for crystal
    11_1.o(i.main) refers to fmul.o(x$fpl$fmul) for __aeabi_fmul
    11_1.o(i.main) refers to f2d.o(x$fpl$f2d) for __aeabi_f2d
    11_1.o(i.main) refers to dmul.o(x$fpl$dmul) for __aeabi_dmul
    11_1.o(i.main) refers to daddsub_clz.o(x$fpl$drsb) for __aeabi_drsub
    11_1.o(i.main) refers to daddsub_clz.o(x$fpl$dadd) for __aeabi_dadd
    11_1.o(i.main) refers to d2f.o(x$fpl$d2f) for __aeabi_d2f
    11_1.o(i.main) refers to faddsub_clz.o(x$fpl$fadd) for __aeabi_fadd
    11_1.o(i.main) refers to ffix.o(x$fpl$ffix) for __aeabi_f2iz
    11_1.o(i.main) refers to dleqf.o(x$fpl$dleqf) for __aeabi_cdcmple
    system_lpc17xx.o(i.SystemCoreClockUpdate) refers to lludivv7m.o(.text) for __aeabi_uldivmod
    system_lpc17xx.o(i.SystemCoreClockUpdate) refers to system_lpc17xx.o(.data) for SystemCoreClock
    startup_lpc17xx.o(STACK) refers (Special) to heapauxi.o(.text) for __use_two_region_memory
    startup_lpc17xx.o(HEAP) refers (Special) to heapauxi.o(.text) for __use_two_region_memory
    startup_lpc17xx.o(RESET) refers (Special) to heapauxi.o(.text) for __use_two_region_memory
    startup_lpc17xx.o(RESET) refers to startup_lpc17xx.o(STACK) for __initial_sp
    startup_lpc17xx.o(RESET) refers to startup_lpc17xx.o(.text) for Reset_Handler
    startup_lpc17xx.o(.ARM.__at_0x02FC) refers (Special) to heapauxi.o(.text) for __use_two_region_memory
    startup_lpc17xx.o(.text) refers (Special) to heapauxi.o(.text) for __use_two_region_memory
    startup_lpc17xx.o(.text) refers to system_lpc17xx.o(i.SystemInit) for SystemInit
    startup_lpc17xx.o(.text) refers to __main.o(!!!main) for __main
    startup_lpc17xx.o(.text) refers to startup_lpc17xx.o(HEAP) for Heap_Mem
    startup_lpc17xx.o(.text) refers to startup_lpc17xx.o(STACK) for Stack_Mem
    __main.o(!!!main) refers to __rtentry.o(.ARM.Collect$$rtentry$$00000000) for __rt_entry
    d2f.o(x$fpl$d2f) refers (Special) to usenofp.o(x$fpl$usenofp) for __I$use$fp
    d2f.o(x$fpl$d2f) refers to fretinf.o(x$fpl$fretinf) for __fpl_fretinf
    d2f.o(x$fpl$d2f) refers to dnaninf.o(x$fpl$dnaninf) for __fpl_dnaninf
    daddsub_clz.o(x$fpl$dadd) refers (Special) to usenofp.o(x$fpl$usenofp) for __I$use$fp
    daddsub_clz.o(x$fpl$dadd) refers to daddsub_clz.o(x$fpl$dsub) for _dsub1
    daddsub_clz.o(x$fpl$dadd) refers to dretinf.o(x$fpl$dretinf) for __fpl_dretinf
    daddsub_clz.o(x$fpl$dadd) refers to dnaninf.o(x$fpl$dnaninf) for __fpl_dnaninf
    daddsub_clz.o(x$fpl$drsb) refers (Special) to usenofp.o(x$fpl$usenofp) for __I$use$fp
    daddsub_clz.o(x$fpl$drsb) refers to daddsub_clz.o(x$fpl$dadd) for _dadd1
    daddsub_clz.o(x$fpl$drsb) refers to daddsub_clz.o(x$fpl$dsub) for _dsub1
    daddsub_clz.o(x$fpl$dsub) refers (Special) to usenofp.o(x$fpl$usenofp) for __I$use$fp
    daddsub_clz.o(x$fpl$dsub) refers to daddsub_clz.o(x$fpl$dadd) for _dadd1
    daddsub_clz.o(x$fpl$dsub) refers to dnaninf.o(x$fpl$dnaninf) for __fpl_dnaninf
    dleqf.o(x$fpl$dleqf) refers (Special) to usenofp.o(x$fpl$usenofp) for __I$use$fp
    dleqf.o(x$fpl$dleqf) refers to dnaninf.o(x$fpl$dnaninf) for __fpl_dnaninf
    dleqf.o(x$fpl$dleqf) refers to dcmpi.o(x$fpl$dcmpinf) for __fpl_dcmp_Inf
    dmul.o(x$fpl$dmul) refers (Special) to usenofp.o(x$fpl$usenofp) for __I$use$fp
    dmul.o(x$fpl$dmul) refers to dretinf.o(x$fpl$dretinf) for __fpl_dretinf
    dmul.o(x$fpl$dmul) refers to dnaninf.o(x$fpl$dnaninf) for __fpl_dnaninf
    f2d.o(x$fpl$f2d) refers (Special) to usenofp.o(x$fpl$usenofp) for __I$use$fp
    f2d.o(x$fpl$f2d) refers to fnaninf.o(x$fpl$fnaninf) for __fpl_fnaninf
    f2d.o(x$fpl$f2d) refers to dretinf.o(x$fpl$dretinf) for __fpl_dretinf
    faddsub_clz.o(x$fpl$fadd) refers (Special) to usenofp.o(x$fpl$usenofp) for __I$use$fp
    faddsub_clz.o(x$fpl$fadd) refers to faddsub_clz.o(x$fpl$fsub) for _fsub1
    faddsub_clz.o(x$fpl$fadd) refers to fretinf.o(x$fpl$fretinf) for __fpl_fretinf
    faddsub_clz.o(x$fpl$fadd) refers to fnaninf.o(x$fpl$fnaninf) for __fpl_fnaninf
    faddsub_clz.o(x$fpl$frsb) refers (Special) to usenofp.o(x$fpl$usenofp) for __I$use$fp
    faddsub_clz.o(x$fpl$frsb) refers to faddsub_clz.o(x$fpl$fadd) for _fadd1
    faddsub_clz.o(x$fpl$frsb) refers to faddsub_clz.o(x$fpl$fsub) for _fsub1
    faddsub_clz.o(x$fpl$fsub) refers (Special) to usenofp.o(x$fpl$usenofp) for __I$use$fp
    faddsub_clz.o(x$fpl$fsub) refers to faddsub_clz.o(x$fpl$fadd) for _fadd1
    faddsub_clz.o(x$fpl$fsub) refers to fnaninf.o(x$fpl$fnaninf) for __fpl_fnaninf
    ffix.o(x$fpl$ffix) refers (Special) to usenofp.o(x$fpl$usenofp) for __I$use$fp
    ffix.o(x$fpl$ffix) refers to fnaninf.o(x$fpl$fnaninf) for __fpl_fnaninf
    ffix.o(x$fpl$ffixr) refers (Special) to usenofp.o(x$fpl$usenofp) for __I$use$fp
    ffix.o(x$fpl$ffixr) refers to fnaninf.o(x$fpl$fnaninf) for __fpl_fnaninf
    fmul.o(x$fpl$fmul) refers (Special) to usenofp.o(x$fpl$usenofp) for __I$use$fp
    fmul.o(x$fpl$fmul) refers to fretinf.o(x$fpl$fretinf) for __fpl_fretinf
    fmul.o(x$fpl$fmul) refers to fnaninf.o(x$fpl$fnaninf) for __fpl_fnaninf
    __rtentry.o(.ARM.Collect$$rtentry$$00000000) refers (Special) to __rtentry2.o(.ARM.Collect$$rtentry$$0000000A) for __rt_entry_li
    __rtentry.o(.ARM.Collect$$rtentry$$00000000) refers (Special) to __rtentry2.o(.ARM.Collect$$rtentry$$0000000D) for __rt_entry_main
    __rtentry.o(.ARM.Collect$$rtentry$$00000000) refers (Special) to __rtentry2.o(.ARM.Collect$$rtentry$$0000000C) for __rt_entry_postli_1
    __rtentry.o(.ARM.Collect$$rtentry$$00000000) refers (Special) to __rtentry2.o(.ARM.Collect$$rtentry$$00000009) for __rt_entry_postsh_1
    __rtentry.o(.ARM.Collect$$rtentry$$00000000) refers (Special) to __rtentry2.o(.ARM.Collect$$rtentry$$00000002) for __rt_entry_presh_1
    __rtentry.o(.ARM.Collect$$rtentry$$00000000) refers (Special) to __rtentry4.o(.ARM.Collect$$rtentry$$00000004) for __rt_entry_sh
    aeabi_ldiv0_sigfpe.o(.text) refers to rt_div0.o(.text) for __rt_div0
    dcmpi.o(x$fpl$dcmpinf) refers (Special) to usenofp.o(x$fpl$usenofp) for __I$use$fp
    dnaninf.o(x$fpl$dnaninf) refers (Special) to usenofp.o(x$fpl$usenofp) for __I$use$fp
    dretinf.o(x$fpl$dretinf) refers (Special) to usenofp.o(x$fpl$usenofp) for __I$use$fp
    fnaninf.o(x$fpl$fnaninf) refers (Special) to usenofp.o(x$fpl$usenofp) for __I$use$fp
    fretinf.o(x$fpl$fretinf) refers (Special) to usenofp.o(x$fpl$usenofp) for __I$use$fp
    __rtentry2.o(.ARM.Collect$$rtentry$$00000008) refers to boardinit2.o(.text) for _platform_post_stackheap_init
    __rtentry2.o(.ARM.Collect$$rtentry$$0000000A) refers to libinit.o(.ARM.Collect$$libinit$$00000000) for __rt_lib_init
    __rtentry2.o(.ARM.Collect$$rtentry$$0000000B) refers to boardinit3.o(.text) for _platform_post_lib_init
    __rtentry2.o(.ARM.Collect$$rtentry$$0000000D) refers to 11_1.o(i.main) for main
    __rtentry2.o(.ARM.Collect$$rtentry$$0000000D) refers to exit.o(.text) for exit
    __rtentry2.o(.ARM.exidx) refers to __rtentry2.o(.ARM.Collect$$rtentry$$00000001) for .ARM.Collect$$rtentry$$00000001
    __rtentry2.o(.ARM.exidx) refers to __rtentry2.o(.ARM.Collect$$rtentry$$00000008) for .ARM.Collect$$rtentry$$00000008
    __rtentry2.o(.ARM.exidx) refers to __rtentry2.o(.ARM.Collect$$rtentry$$0000000A) for .ARM.Collect$$rtentry$$0000000A
    __rtentry2.o(.ARM.exidx) refers to __rtentry2.o(.ARM.Collect$$rtentry$$0000000B) for .ARM.Collect$$rtentry$$0000000B
    __rtentry2.o(.ARM.exidx) refers to __rtentry2.o(.ARM.Collect$$rtentry$$0000000D) for .ARM.Collect$$rtentry$$0000000D
    __rtentry4.o(.ARM.Collect$$rtentry$$00000004) refers to sys_stackheap_outer.o(.text) for __user_setup_stackheap
    __rtentry4.o(.ARM.exidx) refers to __rtentry4.o(.ARM.Collect$$rtentry$$00000004) for .ARM.Collect$$rtentry$$00000004
    rt_div0.o(.text) refers to defsig_fpe_outer.o(.text) for __rt_SIGFPE
    sys_stackheap_outer.o(.text) refers to libspace.o(.text) for __user_perproc_libspace
    sys_stackheap_outer.o(.text) refers to startup_lpc17xx.o(.text) for __user_initial_stackheap
    exit.o(.text) refers to rtexit.o(.ARM.Collect$$rtexit$$00000000) for __rt_exit
    defsig_fpe_outer.o(.text) refers to defsig_fpe_inner.o(.text) for __rt_SIGFPE_inner
    defsig_fpe_outer.o(.text) refers to defsig_exit.o(.text) for __sig_exit
    defsig_fpe_formal.o(.text) refers to rt_raise.o(.text) for __rt_raise
    libinit.o(.ARM.Collect$$libinit$$00000000) refers (Special) to libinit2.o(.ARM.Collect$$libinit$$0000002E) for __rt_lib_init_alloca_1
    libinit.o(.ARM.Collect$$libinit$$00000000) refers (Special) to libinit2.o(.ARM.Collect$$libinit$$0000002C) for __rt_lib_init_argv_1
    libinit.o(.ARM.Collect$$libinit$$00000000) refers (Special) to libinit2.o(.ARM.Collect$$libinit$$0000001B) for __rt_lib_init_atexit_1
    libinit.o(.ARM.Collect$$libinit$$00000000) refers (Special) to libinit2.o(.ARM.Collect$$libinit$$00000021) for __rt_lib_init_clock_1
    libinit.o(.ARM.Collect$$libinit$$00000000) refers (Special) to libinit2.o(.ARM.Collect$$libinit$$00000032) for __rt_lib_init_cpp_1
    libinit.o(.ARM.Collect$$libinit$$00000000) refers (Special) to libinit2.o(.ARM.Collect$$libinit$$00000030) for __rt_lib_init_exceptions_1
    libinit.o(.ARM.Collect$$libinit$$00000000) refers (Special) to libinit2.o(.ARM.Collect$$libinit$$00000002) for __rt_lib_init_fp_1
    libinit.o(.ARM.Collect$$libinit$$00000000) refers (Special) to libinit2.o(.ARM.Collect$$libinit$$0000001F) for __rt_lib_init_fp_trap_1
    libinit.o(.ARM.Collect$$libinit$$00000000) refers (Special) to libinit2.o(.ARM.Collect$$libinit$$00000023) for __rt_lib_init_getenv_1
    libinit.o(.ARM.Collect$$libinit$$00000000) refers (Special) to libinit2.o(.ARM.Collect$$libinit$$0000000A) for __rt_lib_init_heap_1
    libinit.o(.ARM.Collect$$libinit$$00000000) refers (Special) to libinit2.o(.ARM.Collect$$libinit$$00000011) for __rt_lib_init_lc_collate_1
    libinit.o(.ARM.Collect$$libinit$$00000000) refers (Special) to libinit2.o(.ARM.Collect$$libinit$$00000013) for __rt_lib_init_lc_ctype_1
    libinit.o(.ARM.Collect$$libinit$$00000000) refers (Special) to libinit2.o(.ARM.Collect$$libinit$$00000015) for __rt_lib_init_lc_monetary_1
    libinit.o(.ARM.Collect$$libinit$$00000000) refers (Special) to libinit2.o(.ARM.Collect$$libinit$$00000017) for __rt_lib_init_lc_numeric_1
    libinit.o(.ARM.Collect$$libinit$$00000000) refers (Special) to libinit2.o(.ARM.Collect$$libinit$$00000019) for __rt_lib_init_lc_time_1
    libinit.o(.ARM.Collect$$libinit$$00000000) refers (Special) to libinit2.o(.ARM.Collect$$libinit$$00000004) for __rt_lib_init_preinit_1
    libinit.o(.ARM.Collect$$libinit$$00000000) refers (Special) to libinit2.o(.ARM.Collect$$libinit$$0000000E) for __rt_lib_init_rand_1
    libinit.o(.ARM.Collect$$libinit$$00000000) refers (Special) to libinit2.o(.ARM.Collect$$libinit$$00000033) for __rt_lib_init_return
    libinit.o(.ARM.Collect$$libinit$$00000000) refers (Special) to libinit2.o(.ARM.Collect$$libinit$$0000001D) for __rt_lib_init_signal_1
    libinit.o(.ARM.Collect$$libinit$$00000000) refers (Special) to libinit2.o(.ARM.Collect$$libinit$$00000025) for __rt_lib_init_stdio_1
    libinit.o(.ARM.Collect$$libinit$$00000000) refers (Special) to libinit2.o(.ARM.Collect$$libinit$$0000000C) for __rt_lib_init_user_alloc_1
    libspace.o(.text) refers to libspace.o(.bss) for __libspace_start
    rtexit.o(.ARM.Collect$$rtexit$$00000000) refers (Special) to rtexit2.o(.ARM.Collect$$rtexit$$00000004) for __rt_exit_exit
    rtexit.o(.ARM.Collect$$rtexit$$00000000) refers (Special) to rtexit2.o(.ARM.Collect$$rtexit$$00000003) for __rt_exit_ls
    rtexit.o(.ARM.Collect$$rtexit$$00000000) refers (Special) to rtexit2.o(.ARM.Collect$$rtexit$$00000002) for __rt_exit_prels_1
    rtexit.o(.ARM.exidx) refers (Special) to rtexit2.o(.ARM.Collect$$rtexit$$00000004) for __rt_exit_exit
    rtexit.o(.ARM.exidx) refers (Special) to rtexit2.o(.ARM.Collect$$rtexit$$00000003) for __rt_exit_ls
    rtexit.o(.ARM.exidx) refers (Special) to rtexit2.o(.ARM.Collect$$rtexit$$00000002) for __rt_exit_prels_1
    rtexit.o(.ARM.exidx) refers to rtexit.o(.ARM.Collect$$rtexit$$00000000) for .ARM.Collect$$rtexit$$00000000
    rt_raise.o(.text) refers to __raise.o(.text) for __raise
    rt_raise.o(.text) refers to sys_exit.o(.text) for _sys_exit
    defsig_exit.o(.text) refers to sys_exit.o(.text) for _sys_exit
    defsig_fpe_inner.o(.text) refers to defsig_general.o(.text) for __default_signal_display
    libinit2.o(.ARM.Collect$$libinit$$00000010) refers to libinit2.o(.ARM.Collect$$libinit$$0000000F) for .ARM.Collect$$libinit$$0000000F
    libinit2.o(.ARM.Collect$$libinit$$00000012) refers to libinit2.o(.ARM.Collect$$libinit$$0000000F) for .ARM.Collect$$libinit$$0000000F
    libinit2.o(.ARM.Collect$$libinit$$00000014) refers to libinit2.o(.ARM.Collect$$libinit$$0000000F) for .ARM.Collect$$libinit$$0000000F
    libinit2.o(.ARM.Collect$$libinit$$00000016) refers to libinit2.o(.ARM.Collect$$libinit$$0000000F) for .ARM.Collect$$libinit$$0000000F
    libinit2.o(.ARM.Collect$$libinit$$00000018) refers to libinit2.o(.ARM.Collect$$libinit$$0000000F) for .ARM.Collect$$libinit$$0000000F
    libinit2.o(.ARM.Collect$$libinit$$00000026) refers to argv_veneer.o(.emb_text) for __ARM_argv_veneer
    libinit2.o(.ARM.Collect$$libinit$$00000027) refers to argv_veneer.o(.emb_text) for __ARM_argv_veneer
    sys_exit.o(.text) refers (Special) to use_no_semi.o(.text) for __I$use$semihosting
    sys_exit.o(.text) refers (Special) to indicate_semi.o(.text) for __semihosting_library_function
    rtexit2.o(.ARM.Collect$$rtexit$$00000003) refers to libshutdown.o(.ARM.Collect$$libshutdown$$00000000) for __rt_lib_shutdown
    rtexit2.o(.ARM.Collect$$rtexit$$00000004) refers to sys_exit.o(.text) for _sys_exit
    rtexit2.o(.ARM.exidx) refers to rtexit2.o(.ARM.Collect$$rtexit$$00000001) for .ARM.Collect$$rtexit$$00000001
    rtexit2.o(.ARM.exidx) refers to rtexit2.o(.ARM.Collect$$rtexit$$00000003) for .ARM.Collect$$rtexit$$00000003
    rtexit2.o(.ARM.exidx) refers to rtexit2.o(.ARM.Collect$$rtexit$$00000004) for .ARM.Collect$$rtexit$$00000004
    __raise.o(.text) refers to defsig.o(CL$$defsig) for __default_signal_handler
    defsig_general.o(.text) refers to sys_wrch.o(.text) for _ttywrch
    argv_veneer.o(.emb_text) refers to no_argv.o(.text) for __ARM_get_argv
    sys_wrch.o(.text) refers (Special) to use_no_semi.o(.text) for __I$use$semihosting
    sys_wrch.o(.text) refers (Special) to indicate_semi.o(.text) for __semihosting_library_function
    defsig.o(CL$$defsig) refers to defsig_fpe_inner.o(.text) for __rt_SIGFPE_inner
    defsig.o(CL$$defsig) refers to defsig_rtmem_inner.o(.text) for __rt_SIGRTMEM_inner
    _get_argv_nomalloc.o(.text) refers (Special) to hrguard.o(.text) for __heap_region$guard
    _get_argv_nomalloc.o(.text) refers to defsig_rtmem_outer.o(.text) for __rt_SIGRTMEM
    _get_argv_nomalloc.o(.text) refers to sys_command.o(.text) for _sys_command_string
    libshutdown.o(.ARM.Collect$$libshutdown$$00000000) refers (Special) to libshutdown2.o(.ARM.Collect$$libshutdown$$00000006) for __rt_lib_shutdown_fp_trap_1
    libshutdown.o(.ARM.Collect$$libshutdown$$00000000) refers (Special) to libshutdown2.o(.ARM.Collect$$libshutdown$$0000000E) for __rt_lib_shutdown_heap_1
    libshutdown.o(.ARM.Collect$$libshutdown$$00000000) refers (Special) to libshutdown2.o(.ARM.Collect$$libshutdown$$0000000F) for __rt_lib_shutdown_return
    libshutdown.o(.ARM.Collect$$libshutdown$$00000000) refers (Special) to libshutdown2.o(.ARM.Collect$$libshutdown$$00000009) for __rt_lib_shutdown_signal_1
    libshutdown.o(.ARM.Collect$$libshutdown$$00000000) refers (Special) to libshutdown2.o(.ARM.Collect$$libshutdown$$00000003) for __rt_lib_shutdown_stdio_1
    libshutdown.o(.ARM.Collect$$libshutdown$$00000000) refers (Special) to libshutdown2.o(.ARM.Collect$$libshutdown$$0000000B) for __rt_lib_shutdown_user_alloc_1
    sys_command.o(.text) refers (Special) to use_no_semi.o(.text) for __I$use$semihosting
    sys_command.o(.text) refers (Special) to indicate_semi.o(.text) for __semihosting_library_function
    defsig_abrt_inner.o(.text) refers to defsig_general.o(.text) for __default_signal_display
    defsig_rtred_inner.o(.text) refers to defsig_general.o(.text) for __default_signal_display
    defsig_rtmem_inner.o(.text) refers to defsig_general.o(.text) for __default_signal_display
    defsig_rtmem_outer.o(.text) refers to defsig_rtmem_inner.o(.text) for __rt_SIGRTMEM_inner
    defsig_rtmem_outer.o(.text) refers to defsig_exit.o(.text) for __sig_exit
    defsig_rtmem_formal.o(.text) refers to rt_raise.o(.text) for __rt_raise
    defsig_stak_inner.o(.text) refers to defsig_general.o(.text) for __default_signal_display
    defsig_pvfn_inner.o(.text) refers to defsig_general.o(.text) for __default_signal_display
    defsig_cppl_inner.o(.text) refers to defsig_general.o(.text) for __default_signal_display
    defsig_segv_inner.o(.text) refers to defsig_general.o(.text) for __default_signal_display
    defsig_other.o(.text) refers to defsig_general.o(.text) for __default_signal_display


==============================================================================

Removing Unused input sections from the image.

    Removing 11_1.o(.rev16_text), (4 bytes).
    Removing 11_1.o(.revsh_text), (4 bytes).
    Removing 11_1.o(.rrx_text), (6 bytes).
    Removing 11_1.o(i.delay_ms), (72 bytes).
    Removing 11_1.o(i.delay_s), (72 bytes).
    Removing 11_1.o(i.delay_us), (76 bytes).
    Removing 11_1.o(.data), (12 bytes).
    Removing system_lpc17xx.o(.rev16_text), (4 bytes).
    Removing system_lpc17xx.o(.revsh_text), (4 bytes).
    Removing system_lpc17xx.o(.rrx_text), (6 bytes).
    Removing system_lpc17xx.o(i.SystemCoreClockUpdate), (424 bytes).
    Removing system_lpc17xx.o(.data), (4 bytes).

12 unused section(s) (total 688 bytes) removed from the image.

==============================================================================

Image Symbol Table

    Local Symbols

    Symbol Name                              Value     Ov Type        Size  Object(Section)

    RESET                                    0x00000000   Section      204  startup_lpc17xx.o(RESET)
    ../clib/angel/boardlib.s                 0x00000000   Number         0  boardshut.o ABSOLUTE
    ../clib/angel/boardlib.s                 0x00000000   Number         0  boardinit1.o ABSOLUTE
    ../clib/angel/boardlib.s                 0x00000000   Number         0  boardinit2.o ABSOLUTE
    ../clib/angel/boardlib.s                 0x00000000   Number         0  boardinit3.o ABSOLUTE
    ../clib/angel/handlers.s                 0x00000000   Number         0  __scatter_zi.o ABSOLUTE
    ../clib/angel/kernel.s                   0x00000000   Number         0  rtexit.o ABSOLUTE
    ../clib/angel/kernel.s                   0x00000000   Number         0  rtexit2.o ABSOLUTE
    ../clib/angel/kernel.s                   0x00000000   Number         0  __rtentry.o ABSOLUTE
    ../clib/angel/kernel.s                   0x00000000   Number         0  __rtentry4.o ABSOLUTE
    ../clib/angel/kernel.s                   0x00000000   Number         0  __rtentry2.o ABSOLUTE
    ../clib/angel/rt.s                       0x00000000   Number         0  rt_raise.o ABSOLUTE
    ../clib/angel/rt.s                       0x00000000   Number         0  rt_div0.o ABSOLUTE
    ../clib/angel/rt.s                       0x00000000   Number         0  aeabi_ldiv0.o ABSOLUTE
    ../clib/angel/rt.s                       0x00000000   Number         0  aeabi_ldiv0_sigfpe.o ABSOLUTE
    ../clib/angel/scatter.s                  0x00000000   Number         0  __scatter.o ABSOLUTE
    ../clib/angel/startup.s                  0x00000000   Number         0  __main.o ABSOLUTE
    ../clib/angel/sys.s                      0x00000000   Number         0  sys_stackheap_outer.o ABSOLUTE
    ../clib/angel/sys.s                      0x00000000   Number         0  indicate_semi.o ABSOLUTE
    ../clib/angel/sys.s                      0x00000000   Number         0  use_no_semi.o ABSOLUTE
    ../clib/angel/sys.s                      0x00000000   Number         0  libspace.o ABSOLUTE
    ../clib/angel/sysapp.c                   0x00000000   Number         0  sys_exit.o ABSOLUTE
    ../clib/angel/sysapp.c                   0x00000000   Number         0  sys_wrch.o ABSOLUTE
    ../clib/angel/sysapp.c                   0x00000000   Number         0  sys_command.o ABSOLUTE
    ../clib/armsys.c                         0x00000000   Number         0  argv_veneer.o ABSOLUTE
    ../clib/armsys.c                         0x00000000   Number         0  argv_veneer.o ABSOLUTE
    ../clib/armsys.c                         0x00000000   Number         0  _get_argv_nomalloc.o ABSOLUTE
    ../clib/armsys.c                         0x00000000   Number         0  no_argv.o ABSOLUTE
    ../clib/heapalloc.c                      0x00000000   Number         0  hrguard.o ABSOLUTE
    ../clib/heapaux.c                        0x00000000   Number         0  heapauxi.o ABSOLUTE
    ../clib/libinit.s                        0x00000000   Number         0  libshutdown2.o ABSOLUTE
    ../clib/libinit.s                        0x00000000   Number         0  libinit.o ABSOLUTE
    ../clib/libinit.s                        0x00000000   Number         0  libinit2.o ABSOLUTE
    ../clib/libinit.s                        0x00000000   Number         0  libshutdown.o ABSOLUTE
    ../clib/longlong.s                       0x00000000   Number         0  lludivv7m.o ABSOLUTE
    ../clib/signal.c                         0x00000000   Number         0  defsig_abrt_inner.o ABSOLUTE
    ../clib/signal.c                         0x00000000   Number         0  defsig_rtmem_inner.o ABSOLUTE
    ../clib/signal.c                         0x00000000   Number         0  defsig_rtmem_outer.o ABSOLUTE
    ../clib/signal.c                         0x00000000   Number         0  defsig_stak_inner.o ABSOLUTE
    ../clib/signal.c                         0x00000000   Number         0  defsig_pvfn_inner.o ABSOLUTE
    ../clib/signal.c                         0x00000000   Number         0  defsig_cppl_inner.o ABSOLUTE
    ../clib/signal.c                         0x00000000   Number         0  defsig_rtred_inner.o ABSOLUTE
    ../clib/signal.c                         0x00000000   Number         0  defsig_segv_inner.o ABSOLUTE
    ../clib/signal.c                         0x00000000   Number         0  defsig_general.o ABSOLUTE
    ../clib/signal.c                         0x00000000   Number         0  __raise.o ABSOLUTE
    ../clib/signal.c                         0x00000000   Number         0  defsig_rtmem_formal.o ABSOLUTE
    ../clib/signal.c                         0x00000000   Number         0  defsig_fpe_formal.o ABSOLUTE
    ../clib/signal.c                         0x00000000   Number         0  defsig_other.o ABSOLUTE
    ../clib/signal.c                         0x00000000   Number         0  defsig_fpe_outer.o ABSOLUTE
    ../clib/signal.c                         0x00000000   Number         0  defsig_fpe_inner.o ABSOLUTE
    ../clib/signal.c                         0x00000000   Number         0  defsig_exit.o ABSOLUTE
    ../clib/signal.s                         0x00000000   Number         0  defsig.o ABSOLUTE
    ../clib/stdlib.c                         0x00000000   Number         0  exit.o ABSOLUTE
    ../fplib/d2f.s                           0x00000000   Number         0  d2f.o ABSOLUTE
    ../fplib/daddsub.s                       0x00000000   Number         0  daddsub_clz.o ABSOLUTE
    ../fplib/dcmpi.s                         0x00000000   Number         0  dcmpi.o ABSOLUTE
    ../fplib/dleqf.s                         0x00000000   Number         0  dleqf.o ABSOLUTE
    ../fplib/dmul.s                          0x00000000   Number         0  dmul.o ABSOLUTE
    ../fplib/dnaninf.s                       0x00000000   Number         0  dnaninf.o ABSOLUTE
    ../fplib/dretinf.s                       0x00000000   Number         0  dretinf.o ABSOLUTE
    ../fplib/f2d.s                           0x00000000   Number         0  f2d.o ABSOLUTE
    ../fplib/faddsub.s                       0x00000000   Number         0  faddsub_clz.o ABSOLUTE
    ../fplib/ffix.s                          0x00000000   Number         0  ffix.o ABSOLUTE
    ../fplib/fmul.s                          0x00000000   Number         0  fmul.o ABSOLUTE
    ../fplib/fnaninf.s                       0x00000000   Number         0  fnaninf.o ABSOLUTE
    ../fplib/fpinit.s                        0x00000000   Number         0  fpinit.o ABSOLUTE
    ../fplib/fretinf.s                       0x00000000   Number         0  fretinf.o ABSOLUTE
    ../fplib/usenofp.s                       0x00000000   Number         0  usenofp.o ABSOLUTE
    11_1.c                                   0x00000000   Number         0  11_1.o ABSOLUTE
    11_1.c                                   0x00000000   Number         0  11_1.o ABSOLUTE
    dc.s                                     0x00000000   Number         0  dc.o ABSOLUTE
    startup_LPC17xx.s                        0x00000000   Number         0  startup_lpc17xx.o ABSOLUTE
    system_LPC17xx.c                         0x00000000   Number         0  system_lpc17xx.o ABSOLUTE
    system_LPC17xx.c                         0x00000000   Number         0  system_lpc17xx.o ABSOLUTE
    !!!main                                  0x000000cc   Section        8  __main.o(!!!main)
    !!!scatter                               0x000000d4   Section       52  __scatter.o(!!!scatter)
    !!handler_zi                             0x00000108   Section       28  __scatter_zi.o(!!handler_zi)
    .ARM.Collect$$libinit$$00000000          0x00000124   Section        2  libinit.o(.ARM.Collect$$libinit$$00000000)
    .ARM.Collect$$libinit$$00000002          0x00000126   Section        0  libinit2.o(.ARM.Collect$$libinit$$00000002)
    .ARM.Collect$$libinit$$00000004          0x00000126   Section        0  libinit2.o(.ARM.Collect$$libinit$$00000004)
    .ARM.Collect$$libinit$$0000000A          0x00000126   Section        0  libinit2.o(.ARM.Collect$$libinit$$0000000A)
    .ARM.Collect$$libinit$$0000000C          0x00000126   Section        0  libinit2.o(.ARM.Collect$$libinit$$0000000C)
    .ARM.Collect$$libinit$$0000000E          0x00000126   Section        0  libinit2.o(.ARM.Collect$$libinit$$0000000E)
    .ARM.Collect$$libinit$$00000011          0x00000126   Section        0  libinit2.o(.ARM.Collect$$libinit$$00000011)
    .ARM.Collect$$libinit$$00000013          0x00000126   Section        0  libinit2.o(.ARM.Collect$$libinit$$00000013)
    .ARM.Collect$$libinit$$00000015          0x00000126   Section        0  libinit2.o(.ARM.Collect$$libinit$$00000015)
    .ARM.Collect$$libinit$$00000017          0x00000126   Section        0  libinit2.o(.ARM.Collect$$libinit$$00000017)
    .ARM.Collect$$libinit$$00000019          0x00000126   Section        0  libinit2.o(.ARM.Collect$$libinit$$00000019)
    .ARM.Collect$$libinit$$0000001B          0x00000126   Section        0  libinit2.o(.ARM.Collect$$libinit$$0000001B)
    .ARM.Collect$$libinit$$0000001D          0x00000126   Section        0  libinit2.o(.ARM.Collect$$libinit$$0000001D)
    .ARM.Collect$$libinit$$0000001F          0x00000126   Section        0  libinit2.o(.ARM.Collect$$libinit$$0000001F)
    .ARM.Collect$$libinit$$00000021          0x00000126   Section        0  libinit2.o(.ARM.Collect$$libinit$$00000021)
    .ARM.Collect$$libinit$$00000023          0x00000126   Section        0  libinit2.o(.ARM.Collect$$libinit$$00000023)
    .ARM.Collect$$libinit$$00000025          0x00000126   Section        0  libinit2.o(.ARM.Collect$$libinit$$00000025)
    .ARM.Collect$$libinit$$0000002C          0x00000126   Section        0  libinit2.o(.ARM.Collect$$libinit$$0000002C)
    .ARM.Collect$$libinit$$0000002E          0x00000126   Section        0  libinit2.o(.ARM.Collect$$libinit$$0000002E)
    .ARM.Collect$$libinit$$00000030          0x00000126   Section        0  libinit2.o(.ARM.Collect$$libinit$$00000030)
    .ARM.Collect$$libinit$$00000032          0x00000126   Section        0  libinit2.o(.ARM.Collect$$libinit$$00000032)
    .ARM.Collect$$libinit$$00000033          0x00000126   Section        2  libinit2.o(.ARM.Collect$$libinit$$00000033)
    .ARM.Collect$$libshutdown$$00000000      0x00000128   Section        2  libshutdown.o(.ARM.Collect$$libshutdown$$00000000)
    .ARM.Collect$$libshutdown$$00000003      0x0000012a   Section        0  libshutdown2.o(.ARM.Collect$$libshutdown$$00000003)
    .ARM.Collect$$libshutdown$$00000006      0x0000012a   Section        0  libshutdown2.o(.ARM.Collect$$libshutdown$$00000006)
    .ARM.Collect$$libshutdown$$00000009      0x0000012a   Section        0  libshutdown2.o(.ARM.Collect$$libshutdown$$00000009)
    .ARM.Collect$$libshutdown$$0000000B      0x0000012a   Section        0  libshutdown2.o(.ARM.Collect$$libshutdown$$0000000B)
    .ARM.Collect$$libshutdown$$0000000E      0x0000012a   Section        0  libshutdown2.o(.ARM.Collect$$libshutdown$$0000000E)
    .ARM.Collect$$libshutdown$$0000000F      0x0000012a   Section        2  libshutdown2.o(.ARM.Collect$$libshutdown$$0000000F)
    .ARM.Collect$$rtentry$$00000000          0x0000012c   Section        0  __rtentry.o(.ARM.Collect$$rtentry$$00000000)
    .ARM.Collect$$rtentry$$00000002          0x0000012c   Section        0  __rtentry2.o(.ARM.Collect$$rtentry$$00000002)
    .ARM.Collect$$rtentry$$00000004          0x0000012c   Section        6  __rtentry4.o(.ARM.Collect$$rtentry$$00000004)
    .ARM.Collect$$rtentry$$00000009          0x00000132   Section        0  __rtentry2.o(.ARM.Collect$$rtentry$$00000009)
    .ARM.Collect$$rtentry$$0000000A          0x00000132   Section        4  __rtentry2.o(.ARM.Collect$$rtentry$$0000000A)
    .ARM.Collect$$rtentry$$0000000C          0x00000136   Section        0  __rtentry2.o(.ARM.Collect$$rtentry$$0000000C)
    .ARM.Collect$$rtentry$$0000000D          0x00000136   Section        8  __rtentry2.o(.ARM.Collect$$rtentry$$0000000D)
    .ARM.Collect$$rtexit$$00000000           0x0000013e   Section        2  rtexit.o(.ARM.Collect$$rtexit$$00000000)
    .ARM.Collect$$rtexit$$00000002           0x00000140   Section        0  rtexit2.o(.ARM.Collect$$rtexit$$00000002)
    .ARM.Collect$$rtexit$$00000003           0x00000140   Section        4  rtexit2.o(.ARM.Collect$$rtexit$$00000003)
    .ARM.Collect$$rtexit$$00000004           0x00000144   Section        6  rtexit2.o(.ARM.Collect$$rtexit$$00000004)
    .text                                    0x0000014c   Section       60  startup_lpc17xx.o(.text)
    .text                                    0x00000188   Section        0  heapauxi.o(.text)
    .text                                    0x0000018e   Section       74  sys_stackheap_outer.o(.text)
    .text                                    0x000001d8   Section        0  exit.o(.text)
    .text                                    0x000001e4   Section        8  libspace.o(.text)
    .text                                    0x000001ec   Section        0  sys_exit.o(.text)
    .text                                    0x000001f8   Section        2  use_no_semi.o(.text)
    .text                                    0x000001fa   Section        0  indicate_semi.o(.text)
    x$fpl$d2f                                0x000001fc   Section       98  d2f.o(x$fpl$d2f)
    x$fpl$dcmpinf                            0x0000025e   Section       24  dcmpi.o(x$fpl$dcmpinf)
    x$fpl$dleqf                              0x00000278   Section      120  dleqf.o(x$fpl$dleqf)
    x$fpl$dretinf                            0x000002f0   Section       12  dretinf.o(x$fpl$dretinf)
    .ARM.__at_0x02FC                         0x000002fc   Section        4  startup_lpc17xx.o(.ARM.__at_0x02FC)
    i.SystemInit                             0x00000300   Section        0  system_lpc17xx.o(i.SystemInit)
    i.main                                   0x00000440   Section        0  11_1.o(i.main)
    x$fpl$dadd                               0x000005d8   Section      336  daddsub_clz.o(x$fpl$dadd)
    _dadd1                                   0x000005e9   Thumb Code     0  daddsub_clz.o(x$fpl$dadd)
    x$fpl$dmul                               0x00000728   Section      340  dmul.o(x$fpl$dmul)
    x$fpl$dnaninf                            0x0000087c   Section      156  dnaninf.o(x$fpl$dnaninf)
    x$fpl$drsb                               0x00000918   Section       22  daddsub_clz.o(x$fpl$drsb)
    x$fpl$dsub                               0x00000930   Section      468  daddsub_clz.o(x$fpl$dsub)
    _dsub1                                   0x00000941   Thumb Code     0  daddsub_clz.o(x$fpl$dsub)
    x$fpl$f2d                                0x00000b04   Section       86  f2d.o(x$fpl$f2d)
    x$fpl$fadd                               0x00000b5c   Section      196  faddsub_clz.o(x$fpl$fadd)
    _fadd1                                   0x00000b6b   Thumb Code     0  faddsub_clz.o(x$fpl$fadd)
    x$fpl$ffix                               0x00000c20   Section       54  ffix.o(x$fpl$ffix)
    x$fpl$fmul                               0x00000c58   Section      258  fmul.o(x$fpl$fmul)
    x$fpl$fnaninf                            0x00000d5a   Section      140  fnaninf.o(x$fpl$fnaninf)
    x$fpl$fretinf                            0x00000de6   Section       10  fretinf.o(x$fpl$fretinf)
    x$fpl$fsub                               0x00000df0   Section      234  faddsub_clz.o(x$fpl$fsub)
    _fsub1                                   0x00000dff   Thumb Code     0  faddsub_clz.o(x$fpl$fsub)
    x$fpl$usenofp                            0x00000eda   Section        0  usenofp.o(x$fpl$usenofp)
    .bss                                     0x10000000   Section       96  libspace.o(.bss)
    HEAP                                     0x10000060   Section        0  startup_lpc17xx.o(HEAP)
    STACK                                    0x10000060   Section      512  startup_lpc17xx.o(STACK)
    Heap_Mem                                 0x10000060   Data           0  startup_lpc17xx.o(HEAP)
    Stack_Mem                                0x10000060   Data         512  startup_lpc17xx.o(STACK)
    __initial_sp                             0x10000260   Data           0  startup_lpc17xx.o(STACK)

    Global Symbols

    Symbol Name                              Value     Ov Type        Size  Object(Section)

    BuildAttributes$$THM_ISAv4$P$D$K$B$S$PE$A:L22UL41UL21$X:L11$S22US41US21$IEEE1$IW$USESV6$~STKCKD$USESV7$~SHL$OSPACE$ROPI$EBA8$UX$STANDARDLIB$REQ8$PRES8$EABIv2 0x00000000   Number         0  anon$$obj.o ABSOLUTE
    __ARM_use_no_argv                        0x00000000   Number         0  11_1.o ABSOLUTE
    __Vectors                                0x00000000   Data           4  startup_lpc17xx.o(RESET)
    __ARM_exceptions_init                     - Undefined Weak Reference
    __alloca_initialize                       - Undefined Weak Reference
    __arm_preinit_                            - Undefined Weak Reference
    __cpp_initialize__aeabi_                  - Undefined Weak Reference
    __cxa_finalize                            - Undefined Weak Reference
    __rt_locale                               - Undefined Weak Reference
    __sigvec_lookup                           - Undefined Weak Reference
    _atexit_init                              - Undefined Weak Reference
    _call_atexit_fns                          - Undefined Weak Reference
    _clock_init                               - Undefined Weak Reference
    _fp_trap_init                             - Undefined Weak Reference
    _fp_trap_shutdown                         - Undefined Weak Reference
    _get_lc_collate                           - Undefined Weak Reference
    _get_lc_ctype                             - Undefined Weak Reference
    _get_lc_monetary                          - Undefined Weak Reference
    _get_lc_numeric                           - Undefined Weak Reference
    _get_lc_time                              - Undefined Weak Reference
    _getenv_init                              - Undefined Weak Reference
    _handle_redirection                       - Undefined Weak Reference
    _init_alloc                               - Undefined Weak Reference
    _init_user_alloc                          - Undefined Weak Reference
    _initio                                   - Undefined Weak Reference
    _rand_init                                - Undefined Weak Reference
    _signal_finish                            - Undefined Weak Reference
    _signal_init                              - Undefined Weak Reference
    _terminate_alloc                          - Undefined Weak Reference
    _terminate_user_alloc                     - Undefined Weak Reference
    _terminateio                              - Undefined Weak Reference
    __main                                   0x000000cd   Thumb Code     8  __main.o(!!!main)
    __scatterload                            0x000000d5   Thumb Code     0  __scatter.o(!!!scatter)
    __scatterload_rt2                        0x000000d5   Thumb Code    44  __scatter.o(!!!scatter)
    __scatterload_rt2_thumb_only             0x000000d5   Thumb Code     0  __scatter.o(!!!scatter)
    __scatterload_null                       0x000000e3   Thumb Code     0  __scatter.o(!!!scatter)
    __scatterload_zeroinit                   0x00000109   Thumb Code    28  __scatter_zi.o(!!handler_zi)
    __rt_lib_init                            0x00000125   Thumb Code     0  libinit.o(.ARM.Collect$$libinit$$00000000)
    __rt_lib_init_alloca_1                   0x00000127   Thumb Code     0  libinit2.o(.ARM.Collect$$libinit$$0000002E)
    __rt_lib_init_argv_1                     0x00000127   Thumb Code     0  libinit2.o(.ARM.Collect$$libinit$$0000002C)
    __rt_lib_init_atexit_1                   0x00000127   Thumb Code     0  libinit2.o(.ARM.Collect$$libinit$$0000001B)
    __rt_lib_init_clock_1                    0x00000127   Thumb Code     0  libinit2.o(.ARM.Collect$$libinit$$00000021)
    __rt_lib_init_cpp_1                      0x00000127   Thumb Code     0  libinit2.o(.ARM.Collect$$libinit$$00000032)
    __rt_lib_init_exceptions_1               0x00000127   Thumb Code     0  libinit2.o(.ARM.Collect$$libinit$$00000030)
    __rt_lib_init_fp_1                       0x00000127   Thumb Code     0  libinit2.o(.ARM.Collect$$libinit$$00000002)
    __rt_lib_init_fp_trap_1                  0x00000127   Thumb Code     0  libinit2.o(.ARM.Collect$$libinit$$0000001F)
    __rt_lib_init_getenv_1                   0x00000127   Thumb Code     0  libinit2.o(.ARM.Collect$$libinit$$00000023)
    __rt_lib_init_heap_1                     0x00000127   Thumb Code     0  libinit2.o(.ARM.Collect$$libinit$$0000000A)
    __rt_lib_init_lc_collate_1               0x00000127   Thumb Code     0  libinit2.o(.ARM.Collect$$libinit$$00000011)
    __rt_lib_init_lc_ctype_1                 0x00000127   Thumb Code     0  libinit2.o(.ARM.Collect$$libinit$$00000013)
    __rt_lib_init_lc_monetary_1              0x00000127   Thumb Code     0  libinit2.o(.ARM.Collect$$libinit$$00000015)
    __rt_lib_init_lc_numeric_1               0x00000127   Thumb Code     0  libinit2.o(.ARM.Collect$$libinit$$00000017)
    __rt_lib_init_lc_time_1                  0x00000127   Thumb Code     0  libinit2.o(.ARM.Collect$$libinit$$00000019)
    __rt_lib_init_preinit_1                  0x00000127   Thumb Code     0  libinit2.o(.ARM.Collect$$libinit$$00000004)
    __rt_lib_init_rand_1                     0x00000127   Thumb Code     0  libinit2.o(.ARM.Collect$$libinit$$0000000E)
    __rt_lib_init_return                     0x00000127   Thumb Code     0  libinit2.o(.ARM.Collect$$libinit$$00000033)
    __rt_lib_init_signal_1                   0x00000127   Thumb Code     0  libinit2.o(.ARM.Collect$$libinit$$0000001D)
    __rt_lib_init_stdio_1                    0x00000127   Thumb Code     0  libinit2.o(.ARM.Collect$$libinit$$00000025)
    __rt_lib_init_user_alloc_1               0x00000127   Thumb Code     0  libinit2.o(.ARM.Collect$$libinit$$0000000C)
    __rt_lib_shutdown                        0x00000129   Thumb Code     0  libshutdown.o(.ARM.Collect$$libshutdown$$00000000)
    __rt_lib_shutdown_fp_trap_1              0x0000012b   Thumb Code     0  libshutdown2.o(.ARM.Collect$$libshutdown$$00000006)
    __rt_lib_shutdown_heap_1                 0x0000012b   Thumb Code     0  libshutdown2.o(.ARM.Collect$$libshutdown$$0000000E)
    __rt_lib_shutdown_return                 0x0000012b   Thumb Code     0  libshutdown2.o(.ARM.Collect$$libshutdown$$0000000F)
    __rt_lib_shutdown_signal_1               0x0000012b   Thumb Code     0  libshutdown2.o(.ARM.Collect$$libshutdown$$00000009)
    __rt_lib_shutdown_stdio_1                0x0000012b   Thumb Code     0  libshutdown2.o(.ARM.Collect$$libshutdown$$00000003)
    __rt_lib_shutdown_user_alloc_1           0x0000012b   Thumb Code     0  libshutdown2.o(.ARM.Collect$$libshutdown$$0000000B)
    __rt_entry                               0x0000012d   Thumb Code     0  __rtentry.o(.ARM.Collect$$rtentry$$00000000)
    __rt_entry_presh_1                       0x0000012d   Thumb Code     0  __rtentry2.o(.ARM.Collect$$rtentry$$00000002)
    __rt_entry_sh                            0x0000012d   Thumb Code     0  __rtentry4.o(.ARM.Collect$$rtentry$$00000004)
    __rt_entry_li                            0x00000133   Thumb Code     0  __rtentry2.o(.ARM.Collect$$rtentry$$0000000A)
    __rt_entry_postsh_1                      0x00000133   Thumb Code     0  __rtentry2.o(.ARM.Collect$$rtentry$$00000009)
    __rt_entry_main                          0x00000137   Thumb Code     0  __rtentry2.o(.ARM.Collect$$rtentry$$0000000D)
    __rt_entry_postli_1                      0x00000137   Thumb Code     0  __rtentry2.o(.ARM.Collect$$rtentry$$0000000C)
    __rt_exit                                0x0000013f   Thumb Code     0  rtexit.o(.ARM.Collect$$rtexit$$00000000)
    __rt_exit_ls                             0x00000141   Thumb Code     0  rtexit2.o(.ARM.Collect$$rtexit$$00000003)
    __rt_exit_prels_1                        0x00000141   Thumb Code     0  rtexit2.o(.ARM.Collect$$rtexit$$00000002)
    __rt_exit_exit                           0x00000145   Thumb Code     0  rtexit2.o(.ARM.Collect$$rtexit$$00000004)
    Reset_Handler                            0x0000014d   Thumb Code     8  startup_lpc17xx.o(.text)
    NMI_Handler                              0x00000155   Thumb Code     2  startup_lpc17xx.o(.text)
    HardFault_Handler                        0x00000157   Thumb Code     2  startup_lpc17xx.o(.text)
    MemManage_Handler                        0x00000159   Thumb Code     2  startup_lpc17xx.o(.text)
    BusFault_Handler                         0x0000015b   Thumb Code     2  startup_lpc17xx.o(.text)
    UsageFault_Handler                       0x0000015d   Thumb Code     2  startup_lpc17xx.o(.text)
    SVC_Handler                              0x0000015f   Thumb Code     2  startup_lpc17xx.o(.text)
    DebugMon_Handler                         0x00000161   Thumb Code     2  startup_lpc17xx.o(.text)
    PendSV_Handler                           0x00000163   Thumb Code     2  startup_lpc17xx.o(.text)
    SysTick_Handler                          0x00000165   Thumb Code     2  startup_lpc17xx.o(.text)
    ADC_IRQHandler                           0x00000167   Thumb Code     0  startup_lpc17xx.o(.text)
    BOD_IRQHandler                           0x00000167   Thumb Code     0  startup_lpc17xx.o(.text)
    CANActivity_IRQHandler                   0x00000167   Thumb Code     0  startup_lpc17xx.o(.text)
    CAN_IRQHandler                           0x00000167   Thumb Code     0  startup_lpc17xx.o(.text)
    DMA_IRQHandler                           0x00000167   Thumb Code     0  startup_lpc17xx.o(.text)
    EINT0_IRQHandler                         0x00000167   Thumb Code     0  startup_lpc17xx.o(.text)
    EINT1_IRQHandler                         0x00000167   Thumb Code     0  startup_lpc17xx.o(.text)
    EINT2_IRQHandler                         0x00000167   Thumb Code     0  startup_lpc17xx.o(.text)
    EINT3_IRQHandler                         0x00000167   Thumb Code     0  startup_lpc17xx.o(.text)
    ENET_IRQHandler                          0x00000167   Thumb Code     0  startup_lpc17xx.o(.text)
    I2C0_IRQHandler                          0x00000167   Thumb Code     0  startup_lpc17xx.o(.text)
    I2C1_IRQHandler                          0x00000167   Thumb Code     0  startup_lpc17xx.o(.text)
    I2C2_IRQHandler                          0x00000167   Thumb Code     0  startup_lpc17xx.o(.text)
    I2S_IRQHandler                           0x00000167   Thumb Code     0  startup_lpc17xx.o(.text)
    MCPWM_IRQHandler                         0x00000167   Thumb Code     0  startup_lpc17xx.o(.text)
    PLL0_IRQHandler                          0x00000167   Thumb Code     0  startup_lpc17xx.o(.text)
    PLL1_IRQHandler                          0x00000167   Thumb Code     0  startup_lpc17xx.o(.text)
    PWM1_IRQHandler                          0x00000167   Thumb Code     0  startup_lpc17xx.o(.text)
    QEI_IRQHandler                           0x00000167   Thumb Code     0  startup_lpc17xx.o(.text)
    RIT_IRQHandler                           0x00000167   Thumb Code     0  startup_lpc17xx.o(.text)
    RTC_IRQHandler                           0x00000167   Thumb Code     0  startup_lpc17xx.o(.text)
    SPI_IRQHandler                           0x00000167   Thumb Code     0  startup_lpc17xx.o(.text)
    SSP0_IRQHandler                          0x00000167   Thumb Code     0  startup_lpc17xx.o(.text)
    SSP1_IRQHandler                          0x00000167   Thumb Code     0  startup_lpc17xx.o(.text)
    TIMER0_IRQHandler                        0x00000167   Thumb Code     0  startup_lpc17xx.o(.text)
    TIMER1_IRQHandler                        0x00000167   Thumb Code     0  startup_lpc17xx.o(.text)
    TIMER2_IRQHandler                        0x00000167   Thumb Code     0  startup_lpc17xx.o(.text)
    TIMER3_IRQHandler                        0x00000167   Thumb Code     0  startup_lpc17xx.o(.text)
    UART0_IRQHandler                         0x00000167   Thumb Code     0  startup_lpc17xx.o(.text)
    UART1_IRQHandler                         0x00000167   Thumb Code     0  startup_lpc17xx.o(.text)
    UART2_IRQHandler                         0x00000167   Thumb Code     0  startup_lpc17xx.o(.text)
    UART3_IRQHandler                         0x00000167   Thumb Code     0  startup_lpc17xx.o(.text)
    USBActivity_IRQHandler                   0x00000167   Thumb Code     0  startup_lpc17xx.o(.text)
    USB_IRQHandler                           0x00000167   Thumb Code     0  startup_lpc17xx.o(.text)
    WDT_IRQHandler                           0x00000167   Thumb Code     0  startup_lpc17xx.o(.text)
    __user_initial_stackheap                 0x00000169   Thumb Code     0  startup_lpc17xx.o(.text)
    __use_two_region_memory                  0x00000189   Thumb Code     2  heapauxi.o(.text)
    __rt_heap_escrow$2region                 0x0000018b   Thumb Code     2  heapauxi.o(.text)
    __rt_heap_expand$2region                 0x0000018d   Thumb Code     2  heapauxi.o(.text)
    __user_setup_stackheap                   0x0000018f   Thumb Code    74  sys_stackheap_outer.o(.text)
    exit                                     0x000001d9   Thumb Code    12  exit.o(.text)
    __user_libspace                          0x000001e5   Thumb Code     8  libspace.o(.text)
    __user_perproc_libspace                  0x000001e5   Thumb Code     0  libspace.o(.text)
    __user_perthread_libspace                0x000001e5   Thumb Code     0  libspace.o(.text)
    _sys_exit                                0x000001ed   Thumb Code     8  sys_exit.o(.text)
    __I$use$semihosting                      0x000001f9   Thumb Code     0  use_no_semi.o(.text)
    __use_no_semihosting_swi                 0x000001f9   Thumb Code     2  use_no_semi.o(.text)
    __semihosting_library_function           0x000001fb   Thumb Code     0  indicate_semi.o(.text)
    __aeabi_d2f                              0x000001fd   Thumb Code     0  d2f.o(x$fpl$d2f)
    _d2f                                     0x000001fd   Thumb Code    98  d2f.o(x$fpl$d2f)
    __fpl_dcmp_Inf                           0x0000025f   Thumb Code    24  dcmpi.o(x$fpl$dcmpinf)
    __aeabi_cdcmple                          0x00000279   Thumb Code     0  dleqf.o(x$fpl$dleqf)
    _dcmple                                  0x00000279   Thumb Code   120  dleqf.o(x$fpl$dleqf)
    __fpl_dcmple_InfNaN                      0x000002db   Thumb Code     0  dleqf.o(x$fpl$dleqf)
    __fpl_dretinf                            0x000002f1   Thumb Code    12  dretinf.o(x$fpl$dretinf)
    SystemInit                               0x00000301   Thumb Code   302  system_lpc17xx.o(i.SystemInit)
    main                                     0x00000441   Thumb Code   342  11_1.o(i.main)
    __aeabi_dadd                             0x000005d9   Thumb Code     0  daddsub_clz.o(x$fpl$dadd)
    _dadd                                    0x000005d9   Thumb Code   332  daddsub_clz.o(x$fpl$dadd)
    __aeabi_dmul                             0x00000729   Thumb Code     0  dmul.o(x$fpl$dmul)
    _dmul                                    0x00000729   Thumb Code   332  dmul.o(x$fpl$dmul)
    __fpl_dnaninf                            0x0000087d   Thumb Code   156  dnaninf.o(x$fpl$dnaninf)
    __aeabi_drsub                            0x00000919   Thumb Code     0  daddsub_clz.o(x$fpl$drsb)
    _drsb                                    0x00000919   Thumb Code    22  daddsub_clz.o(x$fpl$drsb)
    __aeabi_dsub                             0x00000931   Thumb Code     0  daddsub_clz.o(x$fpl$dsub)
    _dsub                                    0x00000931   Thumb Code   464  daddsub_clz.o(x$fpl$dsub)
    __aeabi_f2d                              0x00000b05   Thumb Code     0  f2d.o(x$fpl$f2d)
    _f2d                                     0x00000b05   Thumb Code    86  f2d.o(x$fpl$f2d)
    __aeabi_fadd                             0x00000b5d   Thumb Code     0  faddsub_clz.o(x$fpl$fadd)
    _fadd                                    0x00000b5d   Thumb Code   196  faddsub_clz.o(x$fpl$fadd)
    __aeabi_f2iz                             0x00000c21   Thumb Code     0  ffix.o(x$fpl$ffix)
    _ffix                                    0x00000c21   Thumb Code    54  ffix.o(x$fpl$ffix)
    __aeabi_fmul                             0x00000c59   Thumb Code     0  fmul.o(x$fpl$fmul)
    _fmul                                    0x00000c59   Thumb Code   258  fmul.o(x$fpl$fmul)
    __fpl_fnaninf                            0x00000d5b   Thumb Code   140  fnaninf.o(x$fpl$fnaninf)
    __fpl_fretinf                            0x00000de7   Thumb Code    10  fretinf.o(x$fpl$fretinf)
    __aeabi_fsub                             0x00000df1   Thumb Code     0  faddsub_clz.o(x$fpl$fsub)
    _fsub                                    0x00000df1   Thumb Code   234  faddsub_clz.o(x$fpl$fsub)
    __I$use$fp                               0x00000eda   Number         0  usenofp.o(x$fpl$usenofp)
    Region$$Table$$Base                      0x00000edc   Number         0  anon$$obj.o(Region$$Table)
    Region$$Table$$Limit                     0x00000eec   Number         0  anon$$obj.o(Region$$Table)
    __libspace_start                         0x10000000   Data          96  libspace.o(.bss)
    __temporary_stack_top$libspace           0x10000060   Data           0  libspace.o(.bss)



==============================================================================

Memory Map of the image

  Image Entry point : 0x0000014d

  Load Region LR_1 (Base: 0x00000000, Size: 0x00000eec, Max: 0xffffffff, ABSOLUTE)

    Execution Region ER_RO (Base: 0x00000000, Size: 0x00000eec, Max: 0xffffffff, ABSOLUTE)

    Base Addr    Size         Type   Attr      Idx    E Section Name        Object

    0x00000000   0x000000cc   Data   RO          117    RESET               startup_lpc17xx.o
    0x000000cc   0x00000008   Code   RO          131  * !!!main             c_w.l(__main.o)
    0x000000d4   0x00000034   Code   RO          334    !!!scatter          c_w.l(__scatter.o)
    0x00000108   0x0000001c   Code   RO          336    !!handler_zi        c_w.l(__scatter_zi.o)
    0x00000124   0x00000002   Code   RO          205    .ARM.Collect$$libinit$$00000000  c_w.l(libinit.o)
    0x00000126   0x00000000   Code   RO          218    .ARM.Collect$$libinit$$00000002  c_w.l(libinit2.o)
    0x00000126   0x00000000   Code   RO          220    .ARM.Collect$$libinit$$00000004  c_w.l(libinit2.o)
    0x00000126   0x00000000   Code   RO          223    .ARM.Collect$$libinit$$0000000A  c_w.l(libinit2.o)
    0x00000126   0x00000000   Code   RO          225    .ARM.Collect$$libinit$$0000000C  c_w.l(libinit2.o)
    0x00000126   0x00000000   Code   RO          227    .ARM.Collect$$libinit$$0000000E  c_w.l(libinit2.o)
    0x00000126   0x00000000   Code   RO          230    .ARM.Collect$$libinit$$00000011  c_w.l(libinit2.o)
    0x00000126   0x00000000   Code   RO          232    .ARM.Collect$$libinit$$00000013  c_w.l(libinit2.o)
    0x00000126   0x00000000   Code   RO          234    .ARM.Collect$$libinit$$00000015  c_w.l(libinit2.o)
    0x00000126   0x00000000   Code   RO          236    .ARM.Collect$$libinit$$00000017  c_w.l(libinit2.o)
    0x00000126   0x00000000   Code   RO          238    .ARM.Collect$$libinit$$00000019  c_w.l(libinit2.o)
    0x00000126   0x00000000   Code   RO          240    .ARM.Collect$$libinit$$0000001B  c_w.l(libinit2.o)
    0x00000126   0x00000000   Code   RO          242    .ARM.Collect$$libinit$$0000001D  c_w.l(libinit2.o)
    0x00000126   0x00000000   Code   RO          244    .ARM.Collect$$libinit$$0000001F  c_w.l(libinit2.o)
    0x00000126   0x00000000   Code   RO          246    .ARM.Collect$$libinit$$00000021  c_w.l(libinit2.o)
    0x00000126   0x00000000   Code   RO          248    .ARM.Collect$$libinit$$00000023  c_w.l(libinit2.o)
    0x00000126   0x00000000   Code   RO          250    .ARM.Collect$$libinit$$00000025  c_w.l(libinit2.o)
    0x00000126   0x00000000   Code   RO          254    .ARM.Collect$$libinit$$0000002C  c_w.l(libinit2.o)
    0x00000126   0x00000000   Code   RO          256    .ARM.Collect$$libinit$$0000002E  c_w.l(libinit2.o)
    0x00000126   0x00000000   Code   RO          258    .ARM.Collect$$libinit$$00000030  c_w.l(libinit2.o)
    0x00000126   0x00000000   Code   RO          260    .ARM.Collect$$libinit$$00000032  c_w.l(libinit2.o)
    0x00000126   0x00000002   Code   RO          261    .ARM.Collect$$libinit$$00000033  c_w.l(libinit2.o)
    0x00000128   0x00000002   Code   RO          292    .ARM.Collect$$libshutdown$$00000000  c_w.l(libshutdown.o)
    0x0000012a   0x00000000   Code   RO          319    .ARM.Collect$$libshutdown$$00000003  c_w.l(libshutdown2.o)
    0x0000012a   0x00000000   Code   RO          322    .ARM.Collect$$libshutdown$$00000006  c_w.l(libshutdown2.o)
    0x0000012a   0x00000000   Code   RO          325    .ARM.Collect$$libshutdown$$00000009  c_w.l(libshutdown2.o)
    0x0000012a   0x00000000   Code   RO          327    .ARM.Collect$$libshutdown$$0000000B  c_w.l(libshutdown2.o)
    0x0000012a   0x00000000   Code   RO          330    .ARM.Collect$$libshutdown$$0000000E  c_w.l(libshutdown2.o)
    0x0000012a   0x00000002   Code   RO          331    .ARM.Collect$$libshutdown$$0000000F  c_w.l(libshutdown2.o)
    0x0000012c   0x00000000   Code   RO          159    .ARM.Collect$$rtentry$$00000000  c_w.l(__rtentry.o)
    0x0000012c   0x00000000   Code   RO          176    .ARM.Collect$$rtentry$$00000002  c_w.l(__rtentry2.o)
    0x0000012c   0x00000006   Code   RO          188    .ARM.Collect$$rtentry$$00000004  c_w.l(__rtentry4.o)
    0x00000132   0x00000000   Code   RO          178    .ARM.Collect$$rtentry$$00000009  c_w.l(__rtentry2.o)
    0x00000132   0x00000004   Code   RO          179    .ARM.Collect$$rtentry$$0000000A  c_w.l(__rtentry2.o)
    0x00000136   0x00000000   Code   RO          181    .ARM.Collect$$rtentry$$0000000C  c_w.l(__rtentry2.o)
    0x00000136   0x00000008   Code   RO          182    .ARM.Collect$$rtentry$$0000000D  c_w.l(__rtentry2.o)
    0x0000013e   0x00000002   Code   RO          209    .ARM.Collect$$rtexit$$00000000  c_w.l(rtexit.o)
    0x00000140   0x00000000   Code   RO          265    .ARM.Collect$$rtexit$$00000002  c_w.l(rtexit2.o)
    0x00000140   0x00000004   Code   RO          266    .ARM.Collect$$rtexit$$00000003  c_w.l(rtexit2.o)
    0x00000144   0x00000006   Code   RO          267    .ARM.Collect$$rtexit$$00000004  c_w.l(rtexit2.o)
    0x0000014a   0x00000002   PAD
    0x0000014c   0x0000003c   Code   RO          119  * .text               startup_lpc17xx.o
    0x00000188   0x00000006   Code   RO          129    .text               c_w.l(heapauxi.o)
    0x0000018e   0x0000004a   Code   RO          192    .text               c_w.l(sys_stackheap_outer.o)
    0x000001d8   0x0000000c   Code   RO          194    .text               c_w.l(exit.o)
    0x000001e4   0x00000008   Code   RO          206    .text               c_w.l(libspace.o)
    0x000001ec   0x0000000c   Code   RO          262    .text               c_w.l(sys_exit.o)
    0x000001f8   0x00000002   Code   RO          281    .text               c_w.l(use_no_semi.o)
    0x000001fa   0x00000000   Code   RO          283    .text               c_w.l(indicate_semi.o)
    0x000001fa   0x00000002   PAD
    0x000001fc   0x00000062   Code   RO          133    x$fpl$d2f           fz_ws.l(d2f.o)
    0x0000025e   0x00000018   Code   RO          164    x$fpl$dcmpinf       fz_ws.l(dcmpi.o)
    0x00000276   0x00000002   PAD
    0x00000278   0x00000078   Code   RO          141    x$fpl$dleqf         fz_ws.l(dleqf.o)
    0x000002f0   0x0000000c   Code   RO          168    x$fpl$dretinf       fz_ws.l(dretinf.o)
    0x000002fc   0x00000004   Code   RO          118    .ARM.__at_0x02FC    startup_lpc17xx.o
    0x00000300   0x00000140   Code   RO           76    i.SystemInit        system_lpc17xx.o
    0x00000440   0x00000198   Code   RO            7    i.main              11_1.o
    0x000005d8   0x00000150   Code   RO          135    x$fpl$dadd          fz_ws.l(daddsub_clz.o)
    0x00000728   0x00000154   Code   RO          143    x$fpl$dmul          fz_ws.l(dmul.o)
    0x0000087c   0x0000009c   Code   RO          166    x$fpl$dnaninf       fz_ws.l(dnaninf.o)
    0x00000918   0x00000016   Code   RO          136    x$fpl$drsb          fz_ws.l(daddsub_clz.o)
    0x0000092e   0x00000002   PAD
    0x00000930   0x000001d4   Code   RO          137    x$fpl$dsub          fz_ws.l(daddsub_clz.o)
    0x00000b04   0x00000056   Code   RO          145    x$fpl$f2d           fz_ws.l(f2d.o)
    0x00000b5a   0x00000002   PAD
    0x00000b5c   0x000000c4   Code   RO          147    x$fpl$fadd          fz_ws.l(faddsub_clz.o)
    0x00000c20   0x00000036   Code   RO          153    x$fpl$ffix          fz_ws.l(ffix.o)
    0x00000c56   0x00000002   PAD
    0x00000c58   0x00000102   Code   RO          157    x$fpl$fmul          fz_ws.l(fmul.o)
    0x00000d5a   0x0000008c   Code   RO          170    x$fpl$fnaninf       fz_ws.l(fnaninf.o)
    0x00000de6   0x0000000a   Code   RO          172    x$fpl$fretinf       fz_ws.l(fretinf.o)
    0x00000df0   0x000000ea   Code   RO          149    x$fpl$fsub          fz_ws.l(faddsub_clz.o)
    0x00000eda   0x00000000   Code   RO          174    x$fpl$usenofp       fz_ws.l(usenofp.o)
    0x00000eda   0x00000002   PAD
    0x00000edc   0x00000010   Data   RO          332    Region$$Table       anon$$obj.o


    Execution Region ER_RW (Base: 0x10000000, Size: 0x00000000, Max: 0xffffffff, ABSOLUTE)

    **** No section assigned to this execution region ****


    Execution Region ER_ZI (Base: 0x10000000, Size: 0x00000260, Max: 0xffffffff, ABSOLUTE)

    Base Addr    Size         Type   Attr      Idx    E Section Name        Object

    0x10000000   0x00000060   Zero   RW          207    .bss                c_w.l(libspace.o)
    0x10000060   0x00000000   Zero   RW          116    HEAP                startup_lpc17xx.o
    0x10000060   0x00000200   Zero   RW          115    STACK               startup_lpc17xx.o


==============================================================================

Image component sizes


      Code (inc. data)   RO Data    RW Data    ZI Data      Debug   Object Name

       408         66          0          0          0       5247   11_1.o
        64         26        204          0        512        992   startup_lpc17xx.o
       320         18          0          0          0        565   system_lpc17xx.o

    ----------------------------------------------------------------------
       792        110        220          0        512       6804   Object Totals
         0          0         16          0          0          0   (incl. Generated)
         0          0          0          0          0          0   (incl. Padding)

    ----------------------------------------------------------------------

      Code (inc. data)   RO Data    RW Data    ZI Data      Debug   Library Member Name

         8          0          0          0          0         68   __main.o
         0          0          0          0          0          0   __rtentry.o
        12          0          0          0          0          0   __rtentry2.o
         6          0          0          0          0          0   __rtentry4.o
        52          8          0          0          0          0   __scatter.o
        28          0          0          0          0          0   __scatter_zi.o
        12          0          0          0          0         72   exit.o
         6          0          0          0          0        152   heapauxi.o
         0          0          0          0          0          0   indicate_semi.o
         2          0          0          0          0          0   libinit.o
         2          0          0          0          0          0   libinit2.o
         2          0          0          0          0          0   libshutdown.o
         2          0          0          0          0          0   libshutdown2.o
         8          4          0          0         96         68   libspace.o
         2          0          0          0          0          0   rtexit.o
        10          0          0          0          0          0   rtexit2.o
        12          4          0          0          0         68   sys_exit.o
        74          0          0          0          0         80   sys_stackheap_outer.o
         2          0          0          0          0         68   use_no_semi.o
        98          4          0          0          0         92   d2f.o
       826         16          0          0          0        348   daddsub_clz.o
        24          0          0          0          0         68   dcmpi.o
       120          4          0          0          0         92   dleqf.o
       340         12          0          0          0        104   dmul.o
       156          4          0          0          0         92   dnaninf.o
        12          0          0          0          0         68   dretinf.o
        86          4          0          0          0         84   f2d.o
       430          8          0          0          0        168   faddsub_clz.o
        54          4          0          0          0         84   ffix.o
       258          4          0          0          0         84   fmul.o
       140          4          0          0          0         84   fnaninf.o
        10          0          0          0          0         68   fretinf.o
         0          0          0          0          0          0   usenofp.o

    ----------------------------------------------------------------------
      2808         80          0          0         96       2012   Library Totals
        14          0          0          0          0          0   (incl. Padding)

    ----------------------------------------------------------------------

      Code (inc. data)   RO Data    RW Data    ZI Data      Debug   Library Name

       240         16          0          0         96        576   c_w.l
      2554         64          0          0          0       1436   fz_ws.l

    ----------------------------------------------------------------------
      2808         80          0          0         96       2012   Library Totals

    ----------------------------------------------------------------------

==============================================================================


      Code (inc. data)   RO Data    RW Data    ZI Data      Debug   

      3600        190        220          0        608       7756   Grand Totals
      3600        190        220          0        608       7756   ELF Image Totals
      3600        190        220          0          0          0   ROM Totals

==============================================================================

    Total RO  Size (Code + RO Data)                 3820 (   3.73kB)
    Total RW  Size (RW Data + ZI Data)               608 (   0.59kB)
    Total ROM Size (Code + RO Data + RW Data)       3820 (   3.73kB)

==============================================================================

