Component: ARM Compiler 5.05 update 1 (build 106) Tool: armlink [4d0efa]

==============================================================================

Section Cross References

    startup_lpc17xx.o(RESET) refers to startup_lpc17xx.o(STACK) for __initial_sp
    startup_lpc17xx.o(RESET) refers to startup_lpc17xx.o(.text) for Reset_Handler
    startup_lpc17xx.o(.text) refers to system_lpc17xx.o(i.SystemInit) for SystemInit
    startup_lpc17xx.o(.text) refers to entry.o(.ARM.Collect$$$$00000000) for __main
    adc_temp.o(i.Display_off) refers to adc_temp.o(i.lcd_command) for lcd_command
    adc_temp.o(i.Display_off) refers to adc_temp.o(i.cwait) for cwait
    adc_temp.o(i.Display_on) refers to adc_temp.o(i.lcd_command) for lcd_command
    adc_temp.o(i.Display_on) refers to adc_temp.o(i.cwait) for cwait
    adc_temp.o(i.cursor_blink) refers to adc_temp.o(i.lcd_command) for lcd_command
    adc_temp.o(i.cursor_blink) refers to adc_temp.o(i.cwait) for cwait
    adc_temp.o(i.cursor_off) refers to adc_temp.o(i.lcd_command) for lcd_command
    adc_temp.o(i.cursor_off) refers to adc_temp.o(i.cwait) for cwait
    adc_temp.o(i.cursor_on) refers to adc_temp.o(i.lcd_command) for lcd_command
    adc_temp.o(i.cursor_on) refers to adc_temp.o(i.cwait) for cwait
    adc_temp.o(i.lcd_clear) refers to adc_temp.o(i.lcd_command) for lcd_command
    adc_temp.o(i.lcd_clear) refers to adc_temp.o(i.cwait) for cwait
    adc_temp.o(i.lcd_command) refers to adc_temp.o(i.setD4567) for setD4567
    adc_temp.o(i.lcd_command) refers to adc_temp.o(i.cwait) for cwait
    adc_temp.o(i.lcd_define_char) refers to adc_temp.o(i.lcd_command) for lcd_command
    adc_temp.o(i.lcd_define_char) refers to adc_temp.o(i.cwait) for cwait
    adc_temp.o(i.lcd_define_char) refers to adc_temp.o(i.lcd_putchar) for lcd_putchar
    adc_temp.o(i.lcd_gotoxy) refers to adc_temp.o(i.lcd_command) for lcd_command
    adc_temp.o(i.lcd_gotoxy) refers to adc_temp.o(i.cwait) for cwait
    adc_temp.o(i.lcd_init) refers to adc_temp.o(i.cwait) for cwait
    adc_temp.o(i.lcd_init) refers to adc_temp.o(i.setD4567) for setD4567
    adc_temp.o(i.lcd_init) refers to adc_temp.o(i.lcd_command) for lcd_command
    adc_temp.o(i.lcd_putchar) refers to adc_temp.o(i.setD4567) for setD4567
    adc_temp.o(i.lcd_putchar) refers to adc_temp.o(i.cwait) for cwait
    adc_temp.o(i.lcd_puts) refers to adc_temp.o(i.lcd_putchar) for lcd_putchar
    adc_temp.o(i.lcd_putsf) refers to adc_temp.o(i.lcd_putchar) for lcd_putchar
    adc_temp.o(i.lcd_shift_left) refers to adc_temp.o(i.lcd_command) for lcd_command
    adc_temp.o(i.lcd_shift_left) refers to adc_temp.o(i.cwait) for cwait
    adc_temp.o(i.lcd_shift_right) refers to adc_temp.o(i.lcd_command) for lcd_command
    adc_temp.o(i.lcd_shift_right) refers to adc_temp.o(i.cwait) for cwait
    adc_temp.o(i.main) refers to dflti.o(.text) for __aeabi_i2d
    adc_temp.o(i.main) refers to dmul.o(.text) for __aeabi_dmul
    adc_temp.o(i.main) refers to dfixi.o(.text) for __aeabi_d2iz
    adc_temp.o(i.main) refers to adc_temp.o(i.lcd_clear) for lcd_clear
    adc_temp.o(i.main) refers to adc_temp.o(i.lcd_gotoxy) for lcd_gotoxy
    adc_temp.o(i.main) refers to adc_temp.o(i.lcd_puts) for lcd_puts
    adc_temp.o(i.main) refers to adc_temp.o(i.delay) for delay
    system_lpc17xx.o(i.SystemCoreClockUpdate) refers to uldiv.o(.text) for __aeabi_uldivmod
    system_lpc17xx.o(i.SystemCoreClockUpdate) refers to system_lpc17xx.o(.data) for SystemCoreClock
    entry.o(.ARM.Collect$$$$00000000) refers (Special) to entry10a.o(.ARM.Collect$$$$0000000D) for __rt_final_cpp
    entry.o(.ARM.Collect$$$$00000000) refers (Special) to entry11a.o(.ARM.Collect$$$$0000000F) for __rt_final_exit
    entry.o(.ARM.Collect$$$$00000000) refers (Special) to entry7b.o(.ARM.Collect$$$$00000008) for _main_clock
    entry.o(.ARM.Collect$$$$00000000) refers (Special) to entry8b.o(.ARM.Collect$$$$0000000A) for _main_cpp_init
    entry.o(.ARM.Collect$$$$00000000) refers (Special) to entry9a.o(.ARM.Collect$$$$0000000B) for _main_init
    entry.o(.ARM.Collect$$$$00000000) refers (Special) to entry5.o(.ARM.Collect$$$$00000004) for _main_scatterload
    entry.o(.ARM.Collect$$$$00000000) refers (Special) to entry2.o(.ARM.Collect$$$$00000001) for _main_stk
    uldiv.o(.text) refers to llushr.o(.text) for __aeabi_llsr
    uldiv.o(.text) refers to llshl.o(.text) for __aeabi_llsl
    dmul.o(.text) refers (Special) to iusefp.o(.text) for __I$use$fp
    dmul.o(.text) refers to depilogue.o(.text) for _double_epilogue
    dflti.o(.text) refers (Special) to iusefp.o(.text) for __I$use$fp
    dflti.o(.text) refers to depilogue.o(.text) for _double_epilogue
    dfixi.o(.text) refers (Special) to iusefp.o(.text) for __I$use$fp
    dfixi.o(.text) refers to llushr.o(.text) for __aeabi_llsr
    entry2.o(.ARM.Collect$$$$00000001) refers to entry2.o(.ARM.Collect$$$$00002712) for __lit__00000000
    entry2.o(.ARM.Collect$$$$00002712) refers to startup_lpc17xx.o(STACK) for __initial_sp
    entry2.o(__vectab_stack_and_reset_area) refers to startup_lpc17xx.o(STACK) for __initial_sp
    entry2.o(__vectab_stack_and_reset_area) refers to entry.o(.ARM.Collect$$$$00000000) for __main
    entry5.o(.ARM.Collect$$$$00000004) refers to init.o(.text) for __scatterload
    entry9a.o(.ARM.Collect$$$$0000000B) refers to adc_temp.o(i.main) for main
    entry9b.o(.ARM.Collect$$$$0000000C) refers to adc_temp.o(i.main) for main
    depilogue.o(.text) refers to llshl.o(.text) for __aeabi_llsl
    depilogue.o(.text) refers to llushr.o(.text) for __aeabi_llsr
    init.o(.text) refers to entry5.o(.ARM.Collect$$$$00000004) for __main_after_scatterload


==============================================================================

Removing Unused input sections from the image.

    Removing startup_lpc17xx.o(HEAP), (0 bytes).
    Removing adc_temp.o(.rev16_text), (4 bytes).
    Removing adc_temp.o(.revsh_text), (4 bytes).
    Removing adc_temp.o(.rrx_text), (6 bytes).
    Removing adc_temp.o(i.Display_off), (18 bytes).
    Removing adc_temp.o(i.Display_on), (18 bytes).
    Removing adc_temp.o(i.cursor_blink), (18 bytes).
    Removing adc_temp.o(i.cursor_off), (18 bytes).
    Removing adc_temp.o(i.cursor_on), (18 bytes).
    Removing adc_temp.o(i.lcd_define_char), (60 bytes).
    Removing adc_temp.o(i.lcd_init), (148 bytes).
    Removing adc_temp.o(i.lcd_putsf), (30 bytes).
    Removing adc_temp.o(i.lcd_shift_left), (32 bytes).
    Removing adc_temp.o(i.lcd_shift_right), (32 bytes).
    Removing system_lpc17xx.o(.rev16_text), (4 bytes).
    Removing system_lpc17xx.o(.revsh_text), (4 bytes).
    Removing system_lpc17xx.o(.rrx_text), (6 bytes).
    Removing system_lpc17xx.o(i.SystemCoreClockUpdate), (424 bytes).
    Removing system_lpc17xx.o(.data), (4 bytes).

19 unused section(s) (total 848 bytes) removed from the image.

==============================================================================

Image Symbol Table

    Local Symbols

    Symbol Name                              Value     Ov Type        Size  Object(Section)

    RESET                                    0x00000000   Section      204  startup_lpc17xx.o(RESET)
    ../clib/microlib/division.c              0x00000000   Number         0  uldiv.o ABSOLUTE
    ../clib/microlib/init/entry.s            0x00000000   Number         0  entry7a.o ABSOLUTE
    ../clib/microlib/init/entry.s            0x00000000   Number         0  entry2.o ABSOLUTE
    ../clib/microlib/init/entry.s            0x00000000   Number         0  entry11b.o ABSOLUTE
    ../clib/microlib/init/entry.s            0x00000000   Number         0  entry11a.o ABSOLUTE
    ../clib/microlib/init/entry.s            0x00000000   Number         0  entry10b.o ABSOLUTE
    ../clib/microlib/init/entry.s            0x00000000   Number         0  entry10a.o ABSOLUTE
    ../clib/microlib/init/entry.s            0x00000000   Number         0  entry5.o ABSOLUTE
    ../clib/microlib/init/entry.s            0x00000000   Number         0  entry9b.o ABSOLUTE
    ../clib/microlib/init/entry.s            0x00000000   Number         0  entry.o ABSOLUTE
    ../clib/microlib/init/entry.s            0x00000000   Number         0  entry9a.o ABSOLUTE
    ../clib/microlib/init/entry.s            0x00000000   Number         0  entry8b.o ABSOLUTE
    ../clib/microlib/init/entry.s            0x00000000   Number         0  entry8a.o ABSOLUTE
    ../clib/microlib/init/entry.s            0x00000000   Number         0  entry7b.o ABSOLUTE
    ../clib/microlib/longlong.c              0x00000000   Number         0  llushr.o ABSOLUTE
    ../clib/microlib/longlong.c              0x00000000   Number         0  llshl.o ABSOLUTE
    ../clib/microlib/stubs.s                 0x00000000   Number         0  iusefp.o ABSOLUTE
    ../clib/microlib/stubs.s                 0x00000000   Number         0  useno.o ABSOLUTE
    ../fplib/microlib/fpepilogue.c           0x00000000   Number         0  depilogue.o ABSOLUTE
    ../fplib/microlib/fpfix.c                0x00000000   Number         0  dfixi.o ABSOLUTE
    ../fplib/microlib/fpflt.c                0x00000000   Number         0  dflti.o ABSOLUTE
    ../fplib/microlib/fpmul.c                0x00000000   Number         0  dmul.o ABSOLUTE
    ADC_temp.c                               0x00000000   Number         0  adc_temp.o ABSOLUTE
    ADC_temp.c                               0x00000000   Number         0  adc_temp.o ABSOLUTE
    dc.s                                     0x00000000   Number         0  dc.o ABSOLUTE
    handlers.s                               0x00000000   Number         0  handlers.o ABSOLUTE
    init.s                                   0x00000000   Number         0  init.o ABSOLUTE
    startup_LPC17xx.s                        0x00000000   Number         0  startup_lpc17xx.o ABSOLUTE
    system_LPC17xx.c                         0x00000000   Number         0  system_lpc17xx.o ABSOLUTE
    system_LPC17xx.c                         0x00000000   Number         0  system_lpc17xx.o ABSOLUTE
    .ARM.Collect$$$$00000000                 0x000000cc   Section        0  entry.o(.ARM.Collect$$$$00000000)
    .ARM.Collect$$$$00000001                 0x000000cc   Section        4  entry2.o(.ARM.Collect$$$$00000001)
    .ARM.Collect$$$$00000004                 0x000000d0   Section        4  entry5.o(.ARM.Collect$$$$00000004)
    .ARM.Collect$$$$00000008                 0x000000d4   Section        0  entry7b.o(.ARM.Collect$$$$00000008)
    .ARM.Collect$$$$0000000A                 0x000000d4   Section        0  entry8b.o(.ARM.Collect$$$$0000000A)
    .ARM.Collect$$$$0000000B                 0x000000d4   Section        8  entry9a.o(.ARM.Collect$$$$0000000B)
    .ARM.Collect$$$$0000000D                 0x000000dc   Section        0  entry10a.o(.ARM.Collect$$$$0000000D)
    .ARM.Collect$$$$0000000F                 0x000000dc   Section        0  entry11a.o(.ARM.Collect$$$$0000000F)
    .ARM.Collect$$$$00002712                 0x000000dc   Section        4  entry2.o(.ARM.Collect$$$$00002712)
    __lit__00000000                          0x000000dc   Data           4  entry2.o(.ARM.Collect$$$$00002712)
    .text                                    0x000000e0   Section       36  startup_lpc17xx.o(.text)
    .text                                    0x00000104   Section        0  dmul.o(.text)
    .text                                    0x000001e8   Section        0  dflti.o(.text)
    .text                                    0x0000020a   Section        0  dfixi.o(.text)
    .text                                    0x00000248   Section        0  llshl.o(.text)
    .text                                    0x00000266   Section        0  llushr.o(.text)
    .text                                    0x00000286   Section        0  iusefp.o(.text)
    .text                                    0x00000288   Section       36  init.o(.text)
    i.__scatterload_copy                     0x000002ac   Section       14  handlers.o(i.__scatterload_copy)
    i.__scatterload_null                     0x000002ba   Section        2  handlers.o(i.__scatterload_null)
    i.__scatterload_zeroinit                 0x000002bc   Section       14  handlers.o(i.__scatterload_zeroinit)
    i.cwait                                  0x000002ca   Section        0  adc_temp.o(i.cwait)
    i.delay                                  0x000002dc   Section        0  adc_temp.o(i.delay)
    .ARM.__at_0x02FC                         0x000002fc   Section        4  startup_lpc17xx.o(.ARM.__at_0x02FC)
    .text                                    0x00000300   Section        0  depilogue.o(.text)
    i.SystemInit                             0x000003bc   Section        0  system_lpc17xx.o(i.SystemInit)
    i.lcd_clear                              0x000004fc   Section        0  adc_temp.o(i.lcd_clear)
    i.lcd_command                            0x00000520   Section        0  adc_temp.o(i.lcd_command)
    i.lcd_gotoxy                             0x00000570   Section        0  adc_temp.o(i.lcd_gotoxy)
    i.lcd_putchar                            0x000005c0   Section        0  adc_temp.o(i.lcd_putchar)
    i.lcd_puts                               0x00000610   Section        0  adc_temp.o(i.lcd_puts)
    i.main                                   0x00000678   Section        0  adc_temp.o(i.main)
    i.setD4567                               0x0000072c   Section        0  adc_temp.o(i.setD4567)
    STACK                                    0x10000000   Section      512  startup_lpc17xx.o(STACK)

    Global Symbols

    Symbol Name                              Value     Ov Type        Size  Object(Section)

    BuildAttributes$$THM_ISAv4$P$D$K$B$S$PE$A:L22UL41UL21$X:L11$S22US41US21$IEEE1$IW$USESV6$~STKCKD$USESV7$~SHL$OSPACE$ROPI$EBA8$MICROLIB$REQ8$PRES8$EABIv2 0x00000000   Number         0  anon$$obj.o ABSOLUTE
    __ARM_use_no_argv                        0x00000000   Number         0  adc_temp.o ABSOLUTE
    __Vectors                                0x00000000   Data           4  startup_lpc17xx.o(RESET)
    __use_no_errno                           0x00000000   Number         0  useno.o ABSOLUTE
    __use_no_exception_handling              0x00000000   Number         0  useno.o ABSOLUTE
    __use_no_fp                              0x00000000   Number         0  useno.o ABSOLUTE
    __use_no_heap                            0x00000000   Number         0  useno.o ABSOLUTE
    __use_no_heap_region                     0x00000000   Number         0  useno.o ABSOLUTE
    __use_no_semihosting                     0x00000000   Number         0  useno.o ABSOLUTE
    __use_no_semihosting_swi                 0x00000000   Number         0  useno.o ABSOLUTE
    __use_no_signal_handling                 0x00000000   Number         0  useno.o ABSOLUTE
    __cpp_initialize__aeabi_                  - Undefined Weak Reference
    __cxa_finalize                            - Undefined Weak Reference
    __decompress                              - Undefined Weak Reference
    _clock_init                               - Undefined Weak Reference
    _microlib_exit                            - Undefined Weak Reference
    __main                                   0x000000cd   Thumb Code     0  entry.o(.ARM.Collect$$$$00000000)
    _main_stk                                0x000000cd   Thumb Code     0  entry2.o(.ARM.Collect$$$$00000001)
    _main_scatterload                        0x000000d1   Thumb Code     0  entry5.o(.ARM.Collect$$$$00000004)
    __main_after_scatterload                 0x000000d5   Thumb Code     0  entry5.o(.ARM.Collect$$$$00000004)
    _main_clock                              0x000000d5   Thumb Code     0  entry7b.o(.ARM.Collect$$$$00000008)
    _main_cpp_init                           0x000000d5   Thumb Code     0  entry8b.o(.ARM.Collect$$$$0000000A)
    _main_init                               0x000000d5   Thumb Code     0  entry9a.o(.ARM.Collect$$$$0000000B)
    __rt_final_cpp                           0x000000dd   Thumb Code     0  entry10a.o(.ARM.Collect$$$$0000000D)
    __rt_final_exit                          0x000000dd   Thumb Code     0  entry11a.o(.ARM.Collect$$$$0000000F)
    Reset_Handler                            0x000000e1   Thumb Code     8  startup_lpc17xx.o(.text)
    NMI_Handler                              0x000000e9   Thumb Code     2  startup_lpc17xx.o(.text)
    HardFault_Handler                        0x000000eb   Thumb Code     2  startup_lpc17xx.o(.text)
    MemManage_Handler                        0x000000ed   Thumb Code     2  startup_lpc17xx.o(.text)
    BusFault_Handler                         0x000000ef   Thumb Code     2  startup_lpc17xx.o(.text)
    UsageFault_Handler                       0x000000f1   Thumb Code     2  startup_lpc17xx.o(.text)
    SVC_Handler                              0x000000f3   Thumb Code     2  startup_lpc17xx.o(.text)
    DebugMon_Handler                         0x000000f5   Thumb Code     2  startup_lpc17xx.o(.text)
    PendSV_Handler                           0x000000f7   Thumb Code     2  startup_lpc17xx.o(.text)
    SysTick_Handler                          0x000000f9   Thumb Code     2  startup_lpc17xx.o(.text)
    ADC_IRQHandler                           0x000000fb   Thumb Code     0  startup_lpc17xx.o(.text)
    BOD_IRQHandler                           0x000000fb   Thumb Code     0  startup_lpc17xx.o(.text)
    CANActivity_IRQHandler                   0x000000fb   Thumb Code     0  startup_lpc17xx.o(.text)
    CAN_IRQHandler                           0x000000fb   Thumb Code     0  startup_lpc17xx.o(.text)
    DMA_IRQHandler                           0x000000fb   Thumb Code     0  startup_lpc17xx.o(.text)
    EINT0_IRQHandler                         0x000000fb   Thumb Code     0  startup_lpc17xx.o(.text)
    EINT1_IRQHandler                         0x000000fb   Thumb Code     0  startup_lpc17xx.o(.text)
    EINT2_IRQHandler                         0x000000fb   Thumb Code     0  startup_lpc17xx.o(.text)
    EINT3_IRQHandler                         0x000000fb   Thumb Code     0  startup_lpc17xx.o(.text)
    ENET_IRQHandler                          0x000000fb   Thumb Code     0  startup_lpc17xx.o(.text)
    I2C0_IRQHandler                          0x000000fb   Thumb Code     0  startup_lpc17xx.o(.text)
    I2C1_IRQHandler                          0x000000fb   Thumb Code     0  startup_lpc17xx.o(.text)
    I2C2_IRQHandler                          0x000000fb   Thumb Code     0  startup_lpc17xx.o(.text)
    I2S_IRQHandler                           0x000000fb   Thumb Code     0  startup_lpc17xx.o(.text)
    MCPWM_IRQHandler                         0x000000fb   Thumb Code     0  startup_lpc17xx.o(.text)
    PLL0_IRQHandler                          0x000000fb   Thumb Code     0  startup_lpc17xx.o(.text)
    PLL1_IRQHandler                          0x000000fb   Thumb Code     0  startup_lpc17xx.o(.text)
    PWM1_IRQHandler                          0x000000fb   Thumb Code     0  startup_lpc17xx.o(.text)
    QEI_IRQHandler                           0x000000fb   Thumb Code     0  startup_lpc17xx.o(.text)
    RIT_IRQHandler                           0x000000fb   Thumb Code     0  startup_lpc17xx.o(.text)
    RTC_IRQHandler                           0x000000fb   Thumb Code     0  startup_lpc17xx.o(.text)
    SPI_IRQHandler                           0x000000fb   Thumb Code     0  startup_lpc17xx.o(.text)
    SSP0_IRQHandler                          0x000000fb   Thumb Code     0  startup_lpc17xx.o(.text)
    SSP1_IRQHandler                          0x000000fb   Thumb Code     0  startup_lpc17xx.o(.text)
    TIMER0_IRQHandler                        0x000000fb   Thumb Code     0  startup_lpc17xx.o(.text)
    TIMER1_IRQHandler                        0x000000fb   Thumb Code     0  startup_lpc17xx.o(.text)
    TIMER2_IRQHandler                        0x000000fb   Thumb Code     0  startup_lpc17xx.o(.text)
    TIMER3_IRQHandler                        0x000000fb   Thumb Code     0  startup_lpc17xx.o(.text)
    UART0_IRQHandler                         0x000000fb   Thumb Code     0  startup_lpc17xx.o(.text)
    UART1_IRQHandler                         0x000000fb   Thumb Code     0  startup_lpc17xx.o(.text)
    UART2_IRQHandler                         0x000000fb   Thumb Code     0  startup_lpc17xx.o(.text)
    UART3_IRQHandler                         0x000000fb   Thumb Code     0  startup_lpc17xx.o(.text)
    USBActivity_IRQHandler                   0x000000fb   Thumb Code     0  startup_lpc17xx.o(.text)
    USB_IRQHandler                           0x000000fb   Thumb Code     0  startup_lpc17xx.o(.text)
    WDT_IRQHandler                           0x000000fb   Thumb Code     0  startup_lpc17xx.o(.text)
    __aeabi_dmul                             0x00000105   Thumb Code   228  dmul.o(.text)
    __aeabi_i2d                              0x000001e9   Thumb Code    34  dflti.o(.text)
    __aeabi_d2iz                             0x0000020b   Thumb Code    62  dfixi.o(.text)
    __aeabi_llsl                             0x00000249   Thumb Code    30  llshl.o(.text)
    _ll_shift_l                              0x00000249   Thumb Code     0  llshl.o(.text)
    __aeabi_llsr                             0x00000267   Thumb Code    32  llushr.o(.text)
    _ll_ushift_r                             0x00000267   Thumb Code     0  llushr.o(.text)
    __I$use$fp                               0x00000287   Thumb Code     0  iusefp.o(.text)
    __scatterload                            0x00000289   Thumb Code    28  init.o(.text)
    __scatterload_rt2                        0x00000289   Thumb Code     0  init.o(.text)
    __scatterload_copy                       0x000002ad   Thumb Code    14  handlers.o(i.__scatterload_copy)
    __scatterload_null                       0x000002bb   Thumb Code     2  handlers.o(i.__scatterload_null)
    __scatterload_zeroinit                   0x000002bd   Thumb Code    14  handlers.o(i.__scatterload_zeroinit)
    cwait                                    0x000002cb   Thumb Code    18  adc_temp.o(i.cwait)
    delay                                    0x000002dd   Thumb Code    12  adc_temp.o(i.delay)
    Region$$Table$$Base                      0x000002e8   Number         0  anon$$obj.o(Region$$Table)
    Region$$Table$$Limit                     0x000002f8   Number         0  anon$$obj.o(Region$$Table)
    _double_round                            0x00000301   Thumb Code    30  depilogue.o(.text)
    _double_epilogue                         0x0000031f   Thumb Code   156  depilogue.o(.text)
    SystemInit                               0x000003bd   Thumb Code   302  system_lpc17xx.o(i.SystemInit)
    lcd_clear                                0x000004fd   Thumb Code    30  adc_temp.o(i.lcd_clear)
    lcd_command                              0x00000521   Thumb Code    76  adc_temp.o(i.lcd_command)
    lcd_gotoxy                               0x00000571   Thumb Code    80  adc_temp.o(i.lcd_gotoxy)
    lcd_putchar                              0x000005c1   Thumb Code    76  adc_temp.o(i.lcd_putchar)
    lcd_puts                                 0x00000611   Thumb Code   102  adc_temp.o(i.lcd_puts)
    main                                     0x00000679   Thumb Code   150  adc_temp.o(i.main)
    setD4567                                 0x0000072d   Thumb Code    54  adc_temp.o(i.setD4567)
    __initial_sp                             0x10000200   Data           0  startup_lpc17xx.o(STACK)



==============================================================================

Memory Map of the image

  Image Entry point : 0x000000e1

  Load Region LR_1 (Base: 0x00000000, Size: 0x00000768, Max: 0xffffffff, ABSOLUTE)

    Execution Region ER_RO (Base: 0x00000000, Size: 0x00000768, Max: 0xffffffff, ABSOLUTE)

    Base Addr    Size         Type   Attr      Idx    E Section Name        Object

    0x00000000   0x000000cc   Data   RO            3    RESET               startup_lpc17xx.o
    0x000000cc   0x00000000   Code   RO          212  * .ARM.Collect$$$$00000000  mc_w.l(entry.o)
    0x000000cc   0x00000004   Code   RO          223    .ARM.Collect$$$$00000001  mc_w.l(entry2.o)
    0x000000d0   0x00000004   Code   RO          226    .ARM.Collect$$$$00000004  mc_w.l(entry5.o)
    0x000000d4   0x00000000   Code   RO          228    .ARM.Collect$$$$00000008  mc_w.l(entry7b.o)
    0x000000d4   0x00000000   Code   RO          230    .ARM.Collect$$$$0000000A  mc_w.l(entry8b.o)
    0x000000d4   0x00000008   Code   RO          231    .ARM.Collect$$$$0000000B  mc_w.l(entry9a.o)
    0x000000dc   0x00000000   Code   RO          233    .ARM.Collect$$$$0000000D  mc_w.l(entry10a.o)
    0x000000dc   0x00000000   Code   RO          235    .ARM.Collect$$$$0000000F  mc_w.l(entry11a.o)
    0x000000dc   0x00000004   Code   RO          224    .ARM.Collect$$$$00002712  mc_w.l(entry2.o)
    0x000000e0   0x00000024   Code   RO            5  * .text               startup_lpc17xx.o
    0x00000104   0x000000e4   Code   RO          217    .text               mf_w.l(dmul.o)
    0x000001e8   0x00000022   Code   RO          219    .text               mf_w.l(dflti.o)
    0x0000020a   0x0000003e   Code   RO          221    .text               mf_w.l(dfixi.o)
    0x00000248   0x0000001e   Code   RO          237    .text               mc_w.l(llshl.o)
    0x00000266   0x00000020   Code   RO          239    .text               mc_w.l(llushr.o)
    0x00000286   0x00000000   Code   RO          241    .text               mc_w.l(iusefp.o)
    0x00000286   0x00000002   PAD
    0x00000288   0x00000024   Code   RO          244    .text               mc_w.l(init.o)
    0x000002ac   0x0000000e   Code   RO          248    i.__scatterload_copy  mc_w.l(handlers.o)
    0x000002ba   0x00000002   Code   RO          249    i.__scatterload_null  mc_w.l(handlers.o)
    0x000002bc   0x0000000e   Code   RO          250    i.__scatterload_zeroinit  mc_w.l(handlers.o)
    0x000002ca   0x00000012   Code   RO           21    i.cwait             adc_temp.o
    0x000002dc   0x0000000c   Code   RO           22    i.delay             adc_temp.o
    0x000002e8   0x00000010   Data   RO          246    Region$$Table       anon$$obj.o
    0x000002f8   0x00000004   PAD
    0x000002fc   0x00000004   Code   RO            4    .ARM.__at_0x02FC    startup_lpc17xx.o
    0x00000300   0x000000ba   Code   RO          242    .text               mf_w.l(depilogue.o)
    0x000003ba   0x00000002   PAD
    0x000003bc   0x00000140   Code   RO          173    i.SystemInit        system_lpc17xx.o
    0x000004fc   0x00000024   Code   RO           23    i.lcd_clear         adc_temp.o
    0x00000520   0x00000050   Code   RO           24    i.lcd_command       adc_temp.o
    0x00000570   0x00000050   Code   RO           26    i.lcd_gotoxy        adc_temp.o
    0x000005c0   0x00000050   Code   RO           28    i.lcd_putchar       adc_temp.o
    0x00000610   0x00000066   Code   RO           29    i.lcd_puts          adc_temp.o
    0x00000676   0x00000002   PAD
    0x00000678   0x000000b4   Code   RO           33    i.main              adc_temp.o
    0x0000072c   0x0000003c   Code   RO           34    i.setD4567          adc_temp.o


    Execution Region ER_RW (Base: 0x10000000, Size: 0x00000000, Max: 0xffffffff, ABSOLUTE)

    **** No section assigned to this execution region ****


    Execution Region ER_ZI (Base: 0x10000000, Size: 0x00000200, Max: 0xffffffff, ABSOLUTE)

    Base Addr    Size         Type   Attr      Idx    E Section Name        Object

    0x10000000   0x00000200   Zero   RW            1    STACK               startup_lpc17xx.o


==============================================================================

Image component sizes


      Code (inc. data)   RO Data    RW Data    ZI Data      Debug   Object Name

       648         50          0          0          0       5894   adc_temp.o
        40         12        204          0        512       1000   startup_lpc17xx.o
       320         18          0          0          0        557   system_lpc17xx.o

    ----------------------------------------------------------------------
      1010         80        224          0        512       7451   Object Totals
         0          0         16          0          0          0   (incl. Generated)
         2          0          4          0          0          0   (incl. Padding)

    ----------------------------------------------------------------------

      Code (inc. data)   RO Data    RW Data    ZI Data      Debug   Library Member Name

         0          0          0          0          0          0   entry.o
         0          0          0          0          0          0   entry10a.o
         0          0          0          0          0          0   entry11a.o
         8          4          0          0          0          0   entry2.o
         4          0          0          0          0          0   entry5.o
         0          0          0          0          0          0   entry7b.o
         0          0          0          0          0          0   entry8b.o
         8          4          0          0          0          0   entry9a.o
        30          0          0          0          0          0   handlers.o
        36          8          0          0          0         68   init.o
         0          0          0          0          0          0   iusefp.o
        30          0          0          0          0         68   llshl.o
        32          0          0          0          0         68   llushr.o
       186          0          0          0          0        176   depilogue.o
        62          0          0          0          0         80   dfixi.o
        34          0          0          0          0         76   dflti.o
       228          0          0          0          0         96   dmul.o

    ----------------------------------------------------------------------
       662         16          0          0          0        632   Library Totals
         4          0          0          0          0          0   (incl. Padding)

    ----------------------------------------------------------------------

      Code (inc. data)   RO Data    RW Data    ZI Data      Debug   Library Name

       148         16          0          0          0        204   mc_w.l
       510          0          0          0          0        428   mf_w.l

    ----------------------------------------------------------------------
       662         16          0          0          0        632   Library Totals

    ----------------------------------------------------------------------

==============================================================================


      Code (inc. data)   RO Data    RW Data    ZI Data      Debug   

      1672         96        224          0        512       7611   Grand Totals
      1672         96        224          0        512       7611   ELF Image Totals
      1672         96        224          0          0          0   ROM Totals

==============================================================================

    Total RO  Size (Code + RO Data)                 1896 (   1.85kB)
    Total RW  Size (RW Data + ZI Data)               512 (   0.50kB)
    Total ROM Size (Code + RO Data + RW Data)       1896 (   1.85kB)

==============================================================================

