<html>
<body>
<pre>
<h1>µVision Build Log</h1>
<h2>Tool Versions:</h2>
IDE-Version: µVision V5.14.0.0
Copyright (C) 2015 ARM Ltd and ARM Germany GmbH. All rights reserved.
License Information: sadra nasiri, IUT, LIC=----
 
Tool Versions:
Toolchain:       MDK-Lite  Version: 5.14.0.0
Toolchain Path:  C:\Program Files (x86)\keil MKD 5\ARM\ARMCC\Bin
C Compiler:      Armcc.exe V5.05 update 1 (build 106)
Assembler:       Armasm.exe V5.05 update 1 (build 106)
Linker/Locator:  ArmLink.exe V5.05 update 1 (build 106)
Library Manager: ArmAr.exe V5.05 update 1 (build 106)
Hex Converter:   FromElf.exe V5.05 update 1 (build 106)
CPU DLL:         SARMCM3.DLL V5.14.0.0
Dialog DLL:      DCM.DLL V1.13.1.0
Target DLL:      Segger\JL2CM3.dll V2.99.13.0
Dialog DLL:      TCM.DLL V1.14.4.0
 
<h2>Project:</h2>
C:\Users\kargadan\Desktop\projects\keil\AZ 6_ADC\ADC_temp\ADC_temp.uvprojx
Project File Date:  07/19/2017

<h2>Output:</h2>
Rebuild target 'Target 1'
Clean started - Project: 'ADC_temp'
   deleting intermediate output files for target 'Target 1'
assembling startup_LPC17xx.s...
compiling ADC_temp.c...
ADC_temp.c(34): warning:  #61-D: integer operation result is out of range
                while( (LPC_ADC->ADGDR & (1<<31))==0 ) ;        //WATING FOT COMPLETE CONVERSION
ADC_temp.c(34): warning:  #68-D: integer conversion resulted in a change of sign
                while( (LPC_ADC->ADGDR & (1<<31))==0 ) ;        //WATING FOT COMPLETE CONVERSION
ADC_temp.c: 2 warnings, 0 errors
compiling system_LPC17xx.c...
linking...
Program Size: Code=1672 RO-data=224 RW-data=0 ZI-data=512  
".\ADC_temp.axf" - 0 Error(s), 2 Warning(s).

*** Performing Cross-Module-Optimization:
compiling ADC_temp.c...
ADC_temp.c(34): warning:  #61-D: integer operation result is out of range
                while( (LPC_ADC->ADGDR & (1<<31))==0 ) ;        //WATING FOT COMPLETE CONVERSION
ADC_temp.c(34): warning:  #68-D: integer conversion resulted in a change of sign
                while( (LPC_ADC->ADGDR & (1<<31))==0 ) ;        //WATING FOT COMPLETE CONVERSION
ADC_temp.c: 2 warnings, 0 errors
compiling system_LPC17xx.c...
linking...
Program Size: Code=1672 RO-data=224 RW-data=0 ZI-data=512  
FromELF: creating hex file...
".\ADC_temp.axf" - 0 Error(s), 2 Warning(s).
*** Completed Cross-Module-Optimization after 2 iteration(s).

<h2>Collection of Component include folders:</h2>
  C:\Users\kargadan\Desktop\projects\keil\AZ 6_ADC\ADC_temp\RTE
  C:\Program Files (x86)\keil MKD 5\ARM\PACK\Keil\LPC1700_DFP\2.3.0

<h2>Collection of Component Files used:</h2>
</pre>
</body>
</html>
