<html>
<body>
<pre>
<h1>µVision Build Log</h1>
<h2>Tool Versions:</h2>
IDE-Version: µVision V5.14.0.0
Copyright (C) 2015 ARM Ltd and ARM Germany GmbH. All rights reserved.
License Information: Mohsen Biglari, hichi, LIC=VC9PC-7331Y-M36M9-493EM-MW3ZE-AZ2HM
 
Tool Versions:
Toolchain:       *** Unknown Product ***  Version: 5.14.0.0
Toolchain Path:  C:\Keil_v5\ARM\ARMCC\Bin
C Compiler:      Armcc.exe V5.05 update 1 (build 106)
Assembler:       Armasm.exe V5.05 update 1 (build 106)
Linker/Locator:  ArmLink.exe V5.05 update 1 (build 106)
Library Manager: ArmAr.exe V5.05 update 1 (build 106)
Hex Converter:   FromElf.exe V5.05 update 1 (build 106)
CPU DLL:         SARMCM3.DLL V5.14.0.0
Dialog DLL:      DARMP1.DLL V1.25.0.0
Target DLL:      UL2CM3.DLL V1.155.0.0
Dialog DLL:      TARMP1.DLL V1.24.0.0
 
<h2>Project:</h2>
Y:\Desktop\AZ Interface asli\Interface LAB-03_Dot matrix & 7seg\16Segment\16Segment.uvproj
Project File Date:  09/05/2016

<h2>Output:</h2>
Rebuild target 'Target 1'
assembling startup_LPC17xx.s...
compiling system_LPC17xx.c...
compiling 16Segment.c...
linking...
Program Size: Code=712 RO-data=376 RW-data=0 ZI-data=608  
FromELF: creating hex file...
".\Objects\16Segment.axf" - 0 Error(s), 0 Warning(s).
</pre>
</body>
</html>
