<html>
<body>
<pre>
<h1>µVision Build Log</h1>
<h2>Tool Versions:</h2>
IDE-Version: µVision V5.14.0.0
Copyright (C) 2015 ARM Ltd and ARM Germany GmbH. All rights reserved.
License Information: Interface LAB Interface LAB, IUT, LIC=DSN01-CS0EE-HRJXN-YT6WY-YKSD4-ALBSC
 
Tool Versions:
Toolchain:       MDK-ARM Professional  Version: 5.14.0.0
Toolchain Path:  C:\Keil_v5\ARM\ARMCC\Bin
C Compiler:      Armcc.exe V5.05 update 1 (build 106)
Assembler:       Armasm.exe V5.05 update 1 (build 106)
Linker/Locator:  ArmLink.exe V5.05 update 1 (build 106)
Library Manager: ArmAr.exe V5.05 update 1 (build 106)
Hex Converter:   FromElf.exe V5.05 update 1 (build 106)
CPU DLL:         SARMCM3.DLL V5.14.0.0
Dialog DLL:      DARMP1.DLL V1.25.0.0
Target DLL:      UL2CM3.DLL V1.155.0.0
Dialog DLL:      TARMP1.DLL V1.24.0.0
 
<h2>Project:</h2>
D:\ARM\LCD_TFT\LCD_tft.uvproj
Project File Date:  08/07/2016

<h2>Output:</h2>
Build target 'Target 1'
compiling LCD_TFT.c...
LCD_TFT.c(26): warning:  #111-D: statement is unreachable
        return 0;
LCD_TFT.c(27): warning:  #1-D: last line of file ends without a newline
  }
LCD_TFT.c: 2 warnings, 0 errors
linking...
Program Size: Code=2840 RO-data=1788 RW-data=8 ZI-data=608  
FromELF: creating hex file...
".\Objects\LCD_tft.axf" - 0 Error(s), 2 Warning(s).
</pre>
</body>
</html>
