<html>
<body>
<pre>
<h1>µVision Build Log</h1>
<h2>Tool Versions:</h2>
IDE-Version: µVision V5.14.0.0
Copyright (C) 2015 ARM Ltd and ARM Germany GmbH. All rights reserved.
License Information: Mohsen Biglari, khodemonia, LIC=VC9SB-21EGE-7LNCY-I77SP-VYYSW-VQV2E
 
Tool Versions:
Toolchain:       *** Unknown Product ***  Version: 5.14.0.0
Toolchain Path:  C:\Keil_v5\ARM\ARMCC\Bin
C Compiler:      Armcc.exe V5.05 update 1 (build 106)
Assembler:       Armasm.exe V5.05 update 1 (build 106)
Linker/Locator:  ArmLink.exe V5.05 update 1 (build 106)
Library Manager: ArmAr.exe V5.05 update 1 (build 106)
Hex Converter:   FromElf.exe V5.05 update 1 (build 106)
CPU DLL:         SARMCM3.DLL V5.14.0.0
Dialog DLL:      DARMP1.DLL V1.25.0.0
Target DLL:      UL2CM3.DLL V1.155.0.0
Dialog DLL:      TARMP1.DLL V1.24.0.0
 
<h2>Project:</h2>
E:\AZ Interface asli\Interface LAB-12_UART & RS232\RS232\RS232.uvproj
Project File Date:  09/07/2016

<h2>Output:</h2>
Rebuild target 'Target 1'
assembling startup_LPC17xx.s...
compiling system_LPC17xx.c...
compiling uart.c...
compiling RS232.c...
RS232.c(15): warning:  #192-D: unrecognized character escape sequence
        UART0_SendString("\r\n\MyName Family\r\n\n");
RS232.c: 1 warning, 0 errors
linking...
Program Size: Code=884 RO-data=220 RW-data=0 ZI-data=608  
FromELF: creating hex file...
".\Objects\RS232.axf" - 0 Error(s), 1 Warning(s).
</pre>
</body>
</html>
