<html>
<body>
<pre>
<h1>µVision Build Log</h1>
<h2>Tool Versions:</h2>
IDE-Version: µVision V5.14.0.0
Copyright (C) 2015 ARM Ltd and ARM Germany GmbH. All rights reserved.
License Information: Interface LAB Interface LAB, IUT, LIC=DSN01-CS0EE-HRJXN-YT6WY-YKSD4-ALBSC
 
Tool Versions:
Toolchain:       MDK-ARM Professional  Version: 5.14.0.0
Toolchain Path:  C:\Keil_v5\ARM\ARMCC\Bin
C Compiler:      Armcc.exe V5.05 update 1 (build 106)
Assembler:       Armasm.exe V5.05 update 1 (build 106)
Linker/Locator:  ArmLink.exe V5.05 update 1 (build 106)
Library Manager: ArmAr.exe V5.05 update 1 (build 106)
Hex Converter:   FromElf.exe V5.05 update 1 (build 106)
CPU DLL:         SARMCM3.DLL V5.14.0.0
Dialog DLL:      DARMP1.DLL V1.25.0.0
Target DLL:      UL2CM3.DLL V1.155.0.0
Dialog DLL:      TARMP1.DLL V1.24.0.0
 
<h2>Project:</h2>
D:\ARM\PWM\PWM.uvproj
Project File Date:  08/14/2016

<h2>Output:</h2>
Rebuild target 'Target 1'
assembling startup_LPC17xx.s...
compiling system_LPC17xx.c...
compiling PWM.c...
PWM.c(13): warning:  #1-D: last line of file ends without a newline
  }
PWM.c: 1 warning, 0 errors
linking...
Program Size: Code=676 RO-data=412 RW-data=0 ZI-data=608  
FromELF: creating hex file...
".\Objects\PWM.axf" - 0 Error(s), 1 Warning(s).
</pre>
</body>
</html>
