<html>
<body>
<pre>
<h1>µVision Build Log</h1>
<h2>Tool Versions:</h2>
IDE-Version: µVision V5.14.0.0
Copyright (C) 2015 ARM Ltd and ARM Germany GmbH. All rights reserved.
License Information: sadra nasiri, IUT, LIC=----
 
Tool Versions:
Toolchain:       MDK-Lite  Version: 5.14.0.0
Toolchain Path:  C:\Program Files (x86)\keil MKD 5\ARM\ARMCC\Bin
C Compiler:      Armcc.exe V5.05 update 1 (build 106)
Assembler:       Armasm.exe V5.05 update 1 (build 106)
Linker/Locator:  ArmLink.exe V5.05 update 1 (build 106)
Library Manager: ArmAr.exe V5.05 update 1 (build 106)
Hex Converter:   FromElf.exe V5.05 update 1 (build 106)
CPU DLL:         SARMCM3.DLL V5.14.0.0
Dialog DLL:      DARMP1.DLL V1.25.0.0
Target DLL:      Segger\JL2CM3.dll V2.99.13.0
Dialog DLL:      TARMP1.DLL V1.24.0.0
 
<h2>Project:</h2>
C:\Users\kargadan\Desktop\projects\keil\AZ 8_Timer\counter\counter.uvprojx
Project File Date:  08/24/2017

<h2>Output:</h2>
Rebuild target 'Target 1'
compiling system_LPC17xx.c...
compiling counter.c...
counter.c(39): warning:  #1-D: last line of file ends without a newline
  }
counter.c: 1 warning, 0 errors
assembling startup_LPC17xx.s...
linking...
Program Size: Code=1188 RO-data=228 RW-data=0 ZI-data=608  
".\Objects\counter.axf" - 0 Error(s), 1 Warning(s).

<h2>Collection of Component include folders:</h2>
  C:\Users\kargadan\Desktop\projects\keil\AZ 8_Timer\counter\RTE
  C:\Program Files (x86)\keil MKD 5\ARM\PACK\Keil\LPC1700_DFP\2.3.0

<h2>Collection of Component Files used:</h2>
</pre>
</body>
</html>
