<html>
<body>
<pre>
<h1>µVision Build Log</h1>
<h2>Tool Versions:</h2>
IDE-Version: µVision V5.14.0.0
Copyright (C) 2015 ARM Ltd and ARM Germany GmbH. All rights reserved.
License Information: sadra nasiri, IUT, LIC=----
 
Tool Versions:
Toolchain:       MDK-Lite  Version: 5.14.0.0
Toolchain Path:  C:\Program Files (x86)\keil MKD 5\ARM\ARMCC\Bin
C Compiler:      Armcc.exe V5.05 update 1 (build 106)
Assembler:       Armasm.exe V5.05 update 1 (build 106)
Linker/Locator:  ArmLink.exe V5.05 update 1 (build 106)
Library Manager: ArmAr.exe V5.05 update 1 (build 106)
Hex Converter:   FromElf.exe V5.05 update 1 (build 106)
CPU DLL:         SARMCM3.DLL V5.14.0.0
Dialog DLL:      DCM.DLL V1.13.1.0
Target DLL:      Segger\JL2CM3.dll V2.99.13.0
Dialog DLL:      TCM.DLL V1.14.4.0
 
<h2>Project:</h2>
C:\Users\kargadan\Desktop\projects\keil\AZ 3_ Dot Matris & 7 segment\7_segment\7_segment.uvprojx
Project File Date:  07/15/2017

<h2>Output:</h2>
Rebuild target 'Target 1'
compiling 7_segment.c...
7_segment.c(58): warning:  #1-D: last line of file ends without a newline
        
assembling startup_LPC17xx.s...
compiling system_LPC17xx.c...
linking...
Program Size: Code=900 RO-data=296 RW-data=0 ZI-data=608  
".\Objects\7_segment.axf" - 0 Error(s), 1 Warning(s).

<h2>Collection of Component include folders:</h2>
  C:\Users\kargadan\Desktop\projects\keil\AZ 3_ Dot Matris & 7 segment\7_segment\RTE
  C:\Program Files (x86)\keil MKD 5\ARM\PACK\Keil\LPC1700_DFP\2.3.0

<h2>Collection of Component Files used:</h2>
</pre>
</body>
</html>
